Archive member included to satisfy reference by file (symbol)

c:/st/stm32cubeide_1.8.0/stm32cubeide/plugins/com.st.stm32cube.ide.mcu.externaltools.gnu-tools-for-stm32.9-2020-q2-update.win32_2.0.0.202105311346/tools/bin/../lib/gcc/arm-none-eabi/9.3.1/../../../../arm-none-eabi/lib/thumb/v7-m/nofp\libc_nano.a(lib_a-errno.o)
                              ./Core/Src/syscalls.o (__errno)
c:/st/stm32cubeide_1.8.0/stm32cubeide/plugins/com.st.stm32cube.ide.mcu.externaltools.gnu-tools-for-stm32.9-2020-q2-update.win32_2.0.0.202105311346/tools/bin/../lib/gcc/arm-none-eabi/9.3.1/../../../../arm-none-eabi/lib/thumb/v7-m/nofp\libc_nano.a(lib_a-exit.o)
                              c:/st/stm32cubeide_1.8.0/stm32cubeide/plugins/com.st.stm32cube.ide.mcu.externaltools.gnu-tools-for-stm32.9-2020-q2-update.win32_2.0.0.202105311346/tools/bin/../lib/gcc/arm-none-eabi/9.3.1/../../../../arm-none-eabi/lib/thumb/v7-m/nofp/crt0.o (exit)
c:/st/stm32cubeide_1.8.0/stm32cubeide/plugins/com.st.stm32cube.ide.mcu.externaltools.gnu-tools-for-stm32.9-2020-q2-update.win32_2.0.0.202105311346/tools/bin/../lib/gcc/arm-none-eabi/9.3.1/../../../../arm-none-eabi/lib/thumb/v7-m/nofp\libc_nano.a(lib_a-impure.o)
                              c:/st/stm32cubeide_1.8.0/stm32cubeide/plugins/com.st.stm32cube.ide.mcu.externaltools.gnu-tools-for-stm32.9-2020-q2-update.win32_2.0.0.202105311346/tools/bin/../lib/gcc/arm-none-eabi/9.3.1/../../../../arm-none-eabi/lib/thumb/v7-m/nofp\libc_nano.a(lib_a-exit.o) (_global_impure_ptr)
c:/st/stm32cubeide_1.8.0/stm32cubeide/plugins/com.st.stm32cube.ide.mcu.externaltools.gnu-tools-for-stm32.9-2020-q2-update.win32_2.0.0.202105311346/tools/bin/../lib/gcc/arm-none-eabi/9.3.1/../../../../arm-none-eabi/lib/thumb/v7-m/nofp\libc_nano.a(lib_a-init.o)
                              c:/st/stm32cubeide_1.8.0/stm32cubeide/plugins/com.st.stm32cube.ide.mcu.externaltools.gnu-tools-for-stm32.9-2020-q2-update.win32_2.0.0.202105311346/tools/bin/../lib/gcc/arm-none-eabi/9.3.1/../../../../arm-none-eabi/lib/thumb/v7-m/nofp/crt0.o (__libc_init_array)
c:/st/stm32cubeide_1.8.0/stm32cubeide/plugins/com.st.stm32cube.ide.mcu.externaltools.gnu-tools-for-stm32.9-2020-q2-update.win32_2.0.0.202105311346/tools/bin/../lib/gcc/arm-none-eabi/9.3.1/../../../../arm-none-eabi/lib/thumb/v7-m/nofp\libc_nano.a(lib_a-memset.o)
                              c:/st/stm32cubeide_1.8.0/stm32cubeide/plugins/com.st.stm32cube.ide.mcu.externaltools.gnu-tools-for-stm32.9-2020-q2-update.win32_2.0.0.202105311346/tools/bin/../lib/gcc/arm-none-eabi/9.3.1/../../../../arm-none-eabi/lib/thumb/v7-m/nofp/crt0.o (memset)
c:/st/stm32cubeide_1.8.0/stm32cubeide/plugins/com.st.stm32cube.ide.mcu.externaltools.gnu-tools-for-stm32.9-2020-q2-update.win32_2.0.0.202105311346/tools/bin/../lib/gcc/arm-none-eabi/9.3.1/../../../../arm-none-eabi/lib/thumb/v7-m/nofp\libc_nano.a(lib_a-sprintf.o)
                              ./Core/Src/Pomodoro_Display.o (sprintf)
c:/st/stm32cubeide_1.8.0/stm32cubeide/plugins/com.st.stm32cube.ide.mcu.externaltools.gnu-tools-for-stm32.9-2020-q2-update.win32_2.0.0.202105311346/tools/bin/../lib/gcc/arm-none-eabi/9.3.1/../../../../arm-none-eabi/lib/thumb/v7-m/nofp\libc_nano.a(lib_a-nano-svfprintf.o)
                              c:/st/stm32cubeide_1.8.0/stm32cubeide/plugins/com.st.stm32cube.ide.mcu.externaltools.gnu-tools-for-stm32.9-2020-q2-update.win32_2.0.0.202105311346/tools/bin/../lib/gcc/arm-none-eabi/9.3.1/../../../../arm-none-eabi/lib/thumb/v7-m/nofp\libc_nano.a(lib_a-sprintf.o) (_svfprintf_r)
c:/st/stm32cubeide_1.8.0/stm32cubeide/plugins/com.st.stm32cube.ide.mcu.externaltools.gnu-tools-for-stm32.9-2020-q2-update.win32_2.0.0.202105311346/tools/bin/../lib/gcc/arm-none-eabi/9.3.1/../../../../arm-none-eabi/lib/thumb/v7-m/nofp\libc_nano.a(lib_a-nano-vfprintf_i.o)
                              c:/st/stm32cubeide_1.8.0/stm32cubeide/plugins/com.st.stm32cube.ide.mcu.externaltools.gnu-tools-for-stm32.9-2020-q2-update.win32_2.0.0.202105311346/tools/bin/../lib/gcc/arm-none-eabi/9.3.1/../../../../arm-none-eabi/lib/thumb/v7-m/nofp\libc_nano.a(lib_a-nano-svfprintf.o) (_printf_i)
c:/st/stm32cubeide_1.8.0/stm32cubeide/plugins/com.st.stm32cube.ide.mcu.externaltools.gnu-tools-for-stm32.9-2020-q2-update.win32_2.0.0.202105311346/tools/bin/../lib/gcc/arm-none-eabi/9.3.1/../../../../arm-none-eabi/lib/thumb/v7-m/nofp\libc_nano.a(lib_a-memchr-stub.o)
                              c:/st/stm32cubeide_1.8.0/stm32cubeide/plugins/com.st.stm32cube.ide.mcu.externaltools.gnu-tools-for-stm32.9-2020-q2-update.win32_2.0.0.202105311346/tools/bin/../lib/gcc/arm-none-eabi/9.3.1/../../../../arm-none-eabi/lib/thumb/v7-m/nofp\libc_nano.a(lib_a-nano-svfprintf.o) (memchr)
c:/st/stm32cubeide_1.8.0/stm32cubeide/plugins/com.st.stm32cube.ide.mcu.externaltools.gnu-tools-for-stm32.9-2020-q2-update.win32_2.0.0.202105311346/tools/bin/../lib/gcc/arm-none-eabi/9.3.1/../../../../arm-none-eabi/lib/thumb/v7-m/nofp\libc_nano.a(lib_a-memcpy-stub.o)
[...]
Memory Configuration

Name             Origin             Length             Attributes
RAM              0x0000000020000000 0x0000000000005000 xrw
FLASH            0x0000000008000000 0x0000000000020000 xr
*default*        0x0000000000000000 0xffffffffffffffff

Linker script and memory map

LOAD c:/st/stm32cubeide_1.8.0/stm32cubeide/plugins/com.st.stm32cube.ide.mcu.externaltools.gnu-tools-for-stm32.9-2020-q2-update.win32_2.0.0.202105311346/tools/bin/../lib/gcc/arm-none-eabi/9.3.1/thumb/v7-m/nofp/crti.o
LOAD c:/st/stm32cubeide_1.8.0/stm32cubeide/plugins/com.st.stm32cube.ide.mcu.externaltools.gnu-tools-for-stm32.9-2020-q2-update.win32_2.0.0.202105311346/tools/bin/../lib/gcc/arm-none-eabi/9.3.1/thumb/v7-m/nofp/crtbegin.o
LOAD c:/st/stm32cubeide_1.8.0/stm32cubeide/plugins/com.st.stm32cube.ide.mcu.externaltools.gnu-tools-for-stm32.9-2020-q2-update.win32_2.0.0.202105311346/tools/bin/../lib/gcc/arm-none-eabi/9.3.1/../../../../arm-none-eabi/lib/thumb/v7-m/nofp/crt0.o
LOAD ./Core/Src/Button.o
LOAD ./Core/Src/Buzzer.o
LOAD ./Core/Src/Encoder.o
LOAD ./Core/Src/GFX_BW.o
LOAD ./Core/Src/Pomodoro_Display.o
LOAD ./Core/Src/Pomodoro_StateMachine.o
LOAD ./Core/Src/SSD1306_OLED.o
LOAD ./Core/Src/gpio.o
LOAD ./Core/Src/i2c.o
LOAD ./Core/Src/main.o
LOAD ./Core/Src/stm32f1xx_hal_msp.o
LOAD ./Core/Src/stm32f1xx_it.o
LOAD ./Core/Src/syscalls.o
LOAD ./Core/Src/sysmem.o
LOAD ./Core/Src/system_stm32f1xx.o
LOAD ./Core/Src/tim.o
LOAD ./Core/Src/usart.o
LOAD ./Core/Startup/startup_stm32f103rbtx.o
LOAD ./Drivers/STM32F1xx_HAL_Driver/Src/stm32f1xx_hal.o
LOAD ./Drivers/STM32F1xx_HAL_Driver/Src/stm32f1xx_hal_cortex.o
LOAD ./Drivers/STM32F1xx_HAL_Driver/Src/stm32f1xx_hal_dma.o
LOAD ./Drivers/STM32F1xx_HAL_Driver/Src/stm32f1xx_hal_exti.o
LOAD ./Drivers/STM32F1xx_HAL_Driver/Src/stm32f1xx_hal_flash.o
LOAD ./Drivers/STM32F1xx_HAL_Driver/Src/stm32f1xx_hal_flash_ex.o
LOAD ./Drivers/STM32F1xx_HAL_Driver/Src/stm32f1xx_hal_gpio.o
LOAD ./Drivers/STM32F1xx_HAL_Driver/Src/stm32f1xx_hal_gpio_ex.o
LOAD ./Drivers/STM32F1xx_HAL_Driver/Src/stm32f1xx_hal_i2c.o
LOAD ./Drivers/STM32F1xx_HAL_Driver/Src/stm32f1xx_hal_pwr.o
LOAD ./Drivers/STM32F1xx_HAL_Driver/Src/stm32f1xx_hal_rcc.o
LOAD ./Drivers/STM32F1xx_HAL_Driver/Src/stm32f1xx_hal_rcc_ex.o
LOAD ./Drivers/STM32F1xx_HAL_Driver/Src/stm32f1xx_hal_tim.o
LOAD ./Drivers/STM32F1xx_HAL_Driver/Src/stm32f1xx_hal_tim_ex.o
LOAD ./Drivers/STM32F1xx_HAL_Driver/Src/stm32f1xx_hal_uart.o
START GROUP
LOAD c:/st/stm32cubeide_1.8.0/stm32cubeide/plugins/com.st.stm32cube.ide.mcu.externaltools.gnu-tools-for-stm32.9-2020-q2-update.win32_2.0.0.202105311346/tools/bin/../lib/gcc/arm-none-eabi/9.3.1/../../../../arm-none-eabi/lib/thumb/v7-m/nofp\libc_nano.a
LOAD c:/st/stm32cubeide_1.8.0/stm32cubeide/plugins/com.st.stm32cube.ide.mcu.externaltools.gnu-tools-for-stm32.9-2020-q2-update.win32_2.0.0.202105311346/tools/bin/../lib/gcc/arm-none-eabi/9.3.1/../../../../arm-none-eabi/lib/thumb/v7-m/nofp\libm.a
END GROUP
START GROUP
LOAD c:/st/stm32cubeide_1.8.0/stm32cubeide/plugins/com.st.stm32cube.ide.mcu.externaltools.gnu-tools-for-stm32.9-2020-q2-update.win32_2.0.0.202105311346/tools/bin/../lib/gcc/arm-none-eabi/9.3.1/thumb/v7-m/nofp\libgcc.a
LOAD c:/st/stm32cubeide_1.8.0/stm32cubeide/plugins/com.st.stm32cube.ide.mcu.externaltools.gnu-tools-for-stm32.9-2020-q2-update.win32_2.0.0.202105311346/tools/bin/../lib/gcc/arm-none-eabi/9.3.1/../../../../arm-none-eabi/lib/thumb/v7-m/nofp\libc_nano.a
END GROUP
START GROUP
LOAD c:/st/stm32cubeide_1.8.0/stm32cubeide/plugins/com.st.stm32cube.ide.mcu.externaltools.gnu-tools-for-stm32.9-2020-q2-update.win32_2.0.0.202105311346/tools/bin/../lib/gcc/arm-none-eabi/9.3.1/thumb/v7-m/nofp\libgcc.a
LOAD c:/st/stm32cubeide_1.8.0/stm32cubeide/plugins/com.st.stm32cube.ide.mcu.externaltools.gnu-tools-for-stm32.9-2020-q2-update.win32_2.0.0.202105311346/tools/bin/../lib/gcc/arm-none-eabi/9.3.1/../../../../arm-none-eabi/lib/thumb/v7-m/nofp\libc_nano.a
LOAD c:/st/stm32cubeide_1.8.0/stm32cubeide/plugins/com.st.stm32cube.ide.mcu.externaltools.gnu-tools-for-stm32.9-2020-q2-update.win32_2.0.0.202105311346/tools/bin/../lib/gcc/arm-none-eabi/9.3.1/../../../../arm-none-eabi/lib/thumb/v7-m/nofp\libnosys.a
END GROUP
START GROUP
LOAD c:/st/stm32cubeide_1.8.0/stm32cubeide/plugins/com.st.stm32cube.ide.mcu.externaltools.gnu-tools-for-stm32.9-2020-q2-update.win32_2.0.0.202105311346/tools/bin/../lib/gcc/arm-none-eabi/9.3.1/thumb/v7-m/nofp\libgcc.a
LOAD c:/st/stm32cubeide_1.8.0/stm32cubeide/plugins/com.st.stm32cube.ide.mcu.externaltools.gnu-tools-for-stm32.9-2020-q2-update.win32_2.0.0.202105311346/tools/bin/../lib/gcc/arm-none-eabi/9.3.1/../../../../arm-none-eabi/lib/thumb/v7-m/nofp\libc_nano.a
LOAD c:/st/stm32cubeide_1.8.0/stm32cubeide/plugins/com.st.stm32cube.ide.mcu.externaltools.gnu-tools-for-stm32.9-2020-q2-update.win32_2.0.0.202105311346/tools/bin/../lib/gcc/arm-none-eabi/9.3.1/../../../../arm-none-eabi/lib/thumb/v7-m/nofp\libnosys.a
END GROUP
LOAD c:/st/stm32cubeide_1.8.0/stm32cubeide/plugins/com.st.stm32cube.ide.mcu.externaltools.gnu-tools-for-stm32.9-2020-q2-update.win32_2.0.0.202105311346/tools/bin/../lib/gcc/arm-none-eabi/9.3.1/thumb/v7-m/nofp/crtend.o
LOAD c:/st/stm32cubeide_1.8.0/stm32cubeide/plugins/com.st.stm32cube.ide.mcu.externaltools.gnu-tools-for-stm32.9-2020-q2-update.win32_2.0.0.202105311346/tools/bin/../lib/gcc/arm-none-eabi/9.3.1/thumb/v7-m/nofp/crtn.o
                0x0000000020005000                _estack = (ORIGIN (RAM) + LENGTH (RAM))
                0x0000000000000200                _Min_Heap_Size = 0x200
                0x0000000000000400                _Min_Stack_Size = 0x400

.isr_vector     0x0000000008000000      0x10c
                0x0000000008000000                . = ALIGN (0x4)
 *(.isr_vector)
 .isr_vector    0x0000000008000000      0x10c ./Core/Startup/startup_stm32f103rbtx.o
                0x0000000008000000                g_pfnVectors
                0x000000000800010c                . = ALIGN (0x4)

.text           0x000000000800010c     0x4edc
                0x000000000800010c                . = ALIGN (0x4)
 *(.text)
 .text          0x000000000800010c       0x40 c:/st/stm32cubeide_1.8.0/stm32cubeide/plugins/com.st.stm32cube.ide.mcu.externaltools.gnu-tools-for-stm32.9-2020-q2-update.win32_2.0.0.202105311346/tools/bin/../lib/gcc/arm-none-eabi/9.3.1/thumb/v7-m/nofp/crtbegin.o
 *(.text*)
 .text.ButtonInit
                0x000000000800014c       0x3c ./Core/Src/Button.o
                0x000000000800014c                ButtonInit
 .text.ButtonTask
                0x0000000008000188       0xcc ./Core/Src/Button.o
                0x0000000008000188                ButtonTask
 .text.ButtonIsPressed
                0x0000000008000254       0x24 ./Core/Src/Button.o
                0x0000000008000254                ButtonIsPressed
 .text.BuzzerInit
                0x0000000008000278       0x34 ./Core/Src/Buzzer.o
                0x0000000008000278                BuzzerInit
 .text.BuzzerPlay
                0x00000000080002ac       0xc8 ./Core/Src/Buzzer.o
                0x00000000080002ac                BuzzerPlay
 .text.EncoderInit
                0x0000000008000374       0x1e ./Core/Src/Encoder.o
                0x0000000008000374                EncoderInit
 *fill*         0x0000000008000392        0x2 
 .text.EncoderTask
                0x0000000008000394       0xd0 ./Core/Src/Encoder.o
                0x0000000008000394                EncoderTask
 .text.EncoderSetValue
                0x0000000008000464       0x20 ./Core/Src/Encoder.o
                0x0000000008000464                EncoderSetValue
 .text.EncoderHasChange
                0x0000000008000484       0x24 ./Core/Src/Encoder.o
                0x0000000008000484                EncoderHasChange
 .text.EncoderSetPosition
                0x00000000080004a8       0x1c ./Core/Src/Encoder.o
                0x00000000080004a8                EncoderSetPosition
 .text.EncoderReadPosition
                0x00000000080004c4       0x14 ./Core/Src/Encoder.o
                0x00000000080004c4                EncoderReadPosition
 .text.EncoderSetWorking
                0x00000000080004d8       0x2c ./Core/Src/Encoder.o
                0x00000000080004d8                EncoderSetWorking
 .text.EncoderIsWorking
                0x0000000008000504       0x20 ./Core/Src/Encoder.o
                0x0000000008000504                EncoderIsWorking
 .text.GFX_SetFont
                0x0000000008000524       0x1c ./Core/Src/GFX_BW.o
                0x0000000008000524                GFX_SetFont
 .text.GFX_SetFontSize
                0x0000000008000540       0x24 ./Core/Src/GFX_BW.o
                0x0000000008000540                GFX_SetFontSize
 .text.GFX_DrawChar
                0x0000000008000564      0x174 ./Core/Src/GFX_BW.o
                0x0000000008000564                GFX_DrawChar
 .text.GFX_DrawString
                0x00000000080006d8       0xb8 ./Core/Src/GFX_BW.o
                0x00000000080006d8                GFX_DrawString
 .text.GFX_WriteLine
                0x0000000008000790      0x11e ./Core/Src/GFX_BW.o
                0x0000000008000790                GFX_WriteLine
 .text.GFX_DrawFastVLine
                0x00000000080008ae       0x2e ./Core/Src/GFX_BW.o
                0x00000000080008ae                GFX_DrawFastVLine
 .text.GFX_DrawFastHLine
                0x00000000080008dc       0x2c ./Core/Src/GFX_BW.o
                0x00000000080008dc                GFX_DrawFastHLine
 .text.GFX_DrawRectangle
                0x0000000008000908       0x5a ./Core/Src/GFX_BW.o
                0x0000000008000908                GFX_DrawRectangle
 .text.GFX_DrawFillRectangle
                0x0000000008000962       0x46 ./Core/Src/GFX_BW.o
                0x0000000008000962                GFX_DrawFillRectangle
 .text.PomodoroDisplay_SetUpdate
                0x00000000080009a8       0x18 ./Core/Src/Pomodoro_Display.o
                0x00000000080009a8                PomodoroDisplay_SetUpdate
 .text.PomodoroDisplay_SetToggleUpdate
                0x00000000080009c0       0x18 ./Core/Src/Pomodoro_Display.o
                0x00000000080009c0                PomodoroDisplay_SetToggleUpdate
 .text.PomodoroDisplayUpdate
                0x00000000080009d8       0x24 ./Core/Src/Pomodoro_Display.o
                0x00000000080009d8                PomodoroDisplayUpdate
 .text.PomodoroDisplayToggleUpdate
                0x00000000080009fc       0x24 ./Core/Src/Pomodoro_Display.o
                0x00000000080009fc                PomodoroDisplayToggleUpdate
 .text.PomodoroDisplayToggleButtonInit
                0x0000000008000a20       0x4e ./Core/Src/Pomodoro_Display.o
                0x0000000008000a20                PomodoroDisplayToggleButtonInit
 .text.PomodoroDisplaySwitchOffToggle
                0x0000000008000a6e       0x4c ./Core/Src/Pomodoro_Display.o
                0x0000000008000a6e                PomodoroDisplaySwitchOffToggle
 *fill*         0x0000000008000aba        0x2 
 .text.PomodoroDisplayToggle
                0x0000000008000abc       0xa4 ./Core/Src/Pomodoro_Display.o
                0x0000000008000abc                PomodoroDisplayToggle
 .text.PomodoroDisplayChooseConfiguration
                0x0000000008000b60       0x28 ./Core/Src/Pomodoro_Display.o
                0x0000000008000b60                PomodoroDisplayChooseConfiguration
 .text.PomodoroDisplayOwnSetting
                0x0000000008000b88       0x60 ./Core/Src/Pomodoro_Display.o
                0x0000000008000b88                PomodoroDisplayOwnSetting
 .text.PomodoroDisplayPresentSetup
                0x0000000008000be8       0xc8 ./Core/Src/Pomodoro_Display.o
                0x0000000008000be8                PomodoroDisplayPresentSetup
 .text.PomodoroDisplayStateOfWork
                0x0000000008000cb0      0x110 ./Core/Src/Pomodoro_Display.o
                0x0000000008000cb0                PomodoroDisplayStateOfWork
 .text.PomodoroDisplayPause
                0x0000000008000dc0       0x28 ./Core/Src/Pomodoro_Display.o
                0x0000000008000dc0                PomodoroDisplayPause
 .text.PomodoroDisplayFinish
                0x0000000008000de8       0x28 ./Core/Src/Pomodoro_Display.o
                0x0000000008000de8                PomodoroDisplayFinish
 .text.PomodoroDisplayClearDisplay
                0x0000000008000e10        0xe ./Core/Src/Pomodoro_Display.o
                0x0000000008000e10                PomodoroDisplayClearDisplay
 *fill*         0x0000000008000e1e        0x2 
 .text.PomodoroInit
                0x0000000008000e20      0x184 ./Core/Src/Pomodoro_StateMachine.o
                0x0000000008000e20                PomodoroInit
 .text.PomodoroTask
                0x0000000008000fa4      0x60c ./Core/Src/Pomodoro_StateMachine.o
                0x0000000008000fa4                PomodoroTask
 .text.SSD1306_Command
                0x00000000080015b0       0x34 ./Core/Src/SSD1306_OLED.o
                0x00000000080015b0                SSD1306_Command
 .text.SSD1306_Data
                0x00000000080015e4       0x34 ./Core/Src/SSD1306_OLED.o
                0x00000000080015e4                SSD1306_Data
 .text.SSD1306_DrawPixel
                0x0000000008001618      0x11c ./Core/Src/SSD1306_OLED.o
                0x0000000008001618                SSD1306_DrawPixel
 .text.SSD1306_Clear
                0x0000000008001734       0x3c ./Core/Src/SSD1306_OLED.o
                0x0000000008001734                SSD1306_Clear
 .text.SSD1306_Display
                0x0000000008001770       0x3c ./Core/Src/SSD1306_OLED.o
                0x0000000008001770                SSD1306_Display
 .text.SSD1306_Init
                0x00000000080017ac       0xb8 ./Core/Src/SSD1306_OLED.o
                0x00000000080017ac                SSD1306_Init
 .text.MX_GPIO_Init
                0x0000000008001864       0xec ./Core/Src/gpio.o
                0x0000000008001864                MX_GPIO_Init
 .text.MX_I2C1_Init
                0x0000000008001950       0x5c ./Core/Src/i2c.o
                0x0000000008001950                MX_I2C1_Init
 .text.HAL_I2C_MspInit
                0x00000000080019ac       0xa0 ./Core/Src/i2c.o
                0x00000000080019ac                HAL_I2C_MspInit
 .text.main     0x0000000008001a4c       0x88 ./Core/Src/main.o
                0x0000000008001a4c                main
 .text.SystemClock_Config
                0x0000000008001ad4       0x76 ./Core/Src/main.o
                0x0000000008001ad4                SystemClock_Config
 .text.MX_NVIC_Init
                0x0000000008001b4a       0x38 ./Core/Src/main.o
 *fill*         0x0000000008001b82        0x2 
 .text.HAL_TIM_PeriodElapsedCallback
                0x0000000008001b84       0x54 ./Core/Src/main.o
                0x0000000008001b84                HAL_TIM_PeriodElapsedCallback
 .text.Error_Handler
                0x0000000008001bd8        0xa ./Core/Src/main.o
                0x0000000008001bd8                Error_Handler
 *fill*         0x0000000008001be2        0x2 
 .text.HAL_MspInit
                0x0000000008001be4       0x64 ./Core/Src/stm32f1xx_hal_msp.o
                0x0000000008001be4                HAL_MspInit
 .text.NMI_Handler
                0x0000000008001c48        0x6 ./Core/Src/stm32f1xx_it.o
                0x0000000008001c48                NMI_Handler
 .text.HardFault_Handler
                0x0000000008001c4e        0x6 ./Core/Src/stm32f1xx_it.o
                0x0000000008001c4e                HardFault_Handler
 .text.MemManage_Handler
                0x0000000008001c54        0x6 ./Core/Src/stm32f1xx_it.o
                0x0000000008001c54                MemManage_Handler
 .text.BusFault_Handler
                0x0000000008001c5a        0x6 ./Core/Src/stm32f1xx_it.o
                0x0000000008001c5a                BusFault_Handler
 .text.UsageFault_Handler
                0x0000000008001c60        0x6 ./Core/Src/stm32f1xx_it.o
                0x0000000008001c60                UsageFault_Handler
 .text.SVC_Handler
                0x0000000008001c66        0xc ./Core/Src/stm32f1xx_it.o
                0x0000000008001c66                SVC_Handler
 .text.DebugMon_Handler
                0x0000000008001c72        0xc ./Core/Src/stm32f1xx_it.o
                0x0000000008001c72                DebugMon_Handler
 .text.PendSV_Handler
                0x0000000008001c7e        0xc ./Core/Src/stm32f1xx_it.o
                0x0000000008001c7e                PendSV_Handler
 .text.SysTick_Handler
                0x0000000008001c8a        0xc ./Core/Src/stm32f1xx_it.o
                0x0000000008001c8a                SysTick_Handler
 *fill*         0x0000000008001c96        0x2 
 .text.TIM2_IRQHandler
                0x0000000008001c98       0x14 ./Core/Src/stm32f1xx_it.o
                0x0000000008001c98                TIM2_IRQHandler
 .text.TIM3_IRQHandler
                0x0000000008001cac       0x14 ./Core/Src/stm32f1xx_it.o
                0x0000000008001cac                TIM3_IRQHandler
 .text.EXTI15_10_IRQHandler
                0x0000000008001cc0       0x10 ./Core/Src/stm32f1xx_it.o
                0x0000000008001cc0                EXTI15_10_IRQHandler
 .text._sbrk    0x0000000008001cd0       0x6c ./Core/Src/sysmem.o
                0x0000000008001cd0                _sbrk
 .text.SystemInit
                0x0000000008001d3c        0xc ./Core/Src/system_stm32f1xx.o
                0x0000000008001d3c                SystemInit
 .text.MX_TIM1_Init
                0x0000000008001d48       0xac ./Core/Src/tim.o
                0x0000000008001d48                MX_TIM1_Init
 .text.MX_TIM2_Init
                0x0000000008001df4       0x9c ./Core/Src/tim.o
                0x0000000008001df4                MX_TIM2_Init
 .text.MX_TIM3_Init
                0x0000000008001e90       0x9c ./Core/Src/tim.o
                0x0000000008001e90                MX_TIM3_Init
 .text.HAL_TIM_Encoder_MspInit
                0x0000000008001f2c       0x80 ./Core/Src/tim.o
                0x0000000008001f2c                HAL_TIM_Encoder_MspInit
 .text.HAL_TIM_Base_MspInit
                0x0000000008001fac       0x60 ./Core/Src/tim.o
                0x0000000008001fac                HAL_TIM_Base_MspInit
 .text.MX_USART2_UART_Init
                0x000000000800200c       0x54 ./Core/Src/usart.o
                0x000000000800200c                MX_USART2_UART_Init
 .text.HAL_UART_MspInit
                0x0000000008002060       0x7c ./Core/Src/usart.o
                0x0000000008002060                HAL_UART_MspInit
 .text.Reset_Handler
                0x00000000080020dc       0x48 ./Core/Startup/startup_stm32f103rbtx.o
                0x00000000080020dc                Reset_Handler
 .text.Default_Handler
                0x0000000008002124        0x2 ./Core/Startup/startup_stm32f103rbtx.o
                0x0000000008002124                RTC_Alarm_IRQHandler
                0x0000000008002124                EXTI2_IRQHandler
                0x0000000008002124                TIM1_CC_IRQHandler
                0x0000000008002124                PVD_IRQHandler
                0x0000000008002124                EXTI3_IRQHandler
                0x0000000008002124                EXTI0_IRQHandler
                0x0000000008002124                I2C2_EV_IRQHandler
                0x0000000008002124                ADC1_2_IRQHandler
                0x0000000008002124                SPI1_IRQHandler
                0x0000000008002124                TAMPER_IRQHandler
                0x0000000008002124                DMA1_Channel4_IRQHandler
                0x0000000008002124                USART3_IRQHandler
                0x0000000008002124                RTC_IRQHandler
                0x0000000008002124                DMA1_Channel7_IRQHandler
                0x0000000008002124                CAN1_RX1_IRQHandler
                0x0000000008002124                TIM4_IRQHandler
                0x0000000008002124                I2C1_EV_IRQHandler
                0x0000000008002124                DMA1_Channel6_IRQHandler
                0x0000000008002124                RCC_IRQHandler
                0x0000000008002124                TIM1_TRG_COM_IRQHandler
                0x0000000008002124                DMA1_Channel1_IRQHandler
                0x0000000008002124                Default_Handler
                0x0000000008002124                EXTI9_5_IRQHandler
                0x0000000008002124                SPI2_IRQHandler
                0x0000000008002124                DMA1_Channel5_IRQHandler
                0x0000000008002124                EXTI4_IRQHandler
                0x0000000008002124                USB_LP_CAN1_RX0_IRQHandler
                0x0000000008002124                USB_HP_CAN1_TX_IRQHandler
                0x0000000008002124                DMA1_Channel3_IRQHandler
                0x0000000008002124                TIM1_UP_IRQHandler
                0x0000000008002124                WWDG_IRQHandler
                0x0000000008002124                TIM1_BRK_IRQHandler
                0x0000000008002124                EXTI1_IRQHandler
                0x0000000008002124                USART2_IRQHandler
                0x0000000008002124                I2C2_ER_IRQHandler
                0x0000000008002124                DMA1_Channel2_IRQHandler
                0x0000000008002124                CAN1_SCE_IRQHandler
                0x0000000008002124                FLASH_IRQHandler
                0x0000000008002124                USART1_IRQHandler
                0x0000000008002124                I2C1_ER_IRQHandler
                0x0000000008002124                USBWakeUp_IRQHandler
 *fill*         0x0000000008002126        0x2 
 .text.HAL_Init
                0x0000000008002128       0x2c ./Drivers/STM32F1xx_HAL_Driver/Src/stm32f1xx_hal.o
                0x0000000008002128                HAL_Init
 .text.HAL_InitTick
                0x0000000008002154       0x60 ./Drivers/STM32F1xx_HAL_Driver/Src/stm32f1xx_hal.o
                0x0000000008002154                HAL_InitTick
 .text.HAL_IncTick
                0x00000000080021b4       0x24 ./Drivers/STM32F1xx_HAL_Driver/Src/stm32f1xx_hal.o
                0x00000000080021b4                HAL_IncTick
 .text.HAL_GetTick
                0x00000000080021d8       0x14 ./Drivers/STM32F1xx_HAL_Driver/Src/stm32f1xx_hal.o
                0x00000000080021d8                HAL_GetTick
 .text.__NVIC_SetPriorityGrouping
                0x00000000080021ec       0x48 ./Drivers/STM32F1xx_HAL_Driver/Src/stm32f1xx_hal_cortex.o
 .text.__NVIC_GetPriorityGrouping
                0x0000000008002234       0x1c ./Drivers/STM32F1xx_HAL_Driver/Src/stm32f1xx_hal_cortex.o
 .text.__NVIC_EnableIRQ
                0x0000000008002250       0x38 ./Drivers/STM32F1xx_HAL_Driver/Src/stm32f1xx_hal_cortex.o
 .text.__NVIC_SetPriority
                0x0000000008002288       0x54 ./Drivers/STM32F1xx_HAL_Driver/Src/stm32f1xx_hal_cortex.o
 .text.NVIC_EncodePriority
                0x00000000080022dc       0x64 ./Drivers/STM32F1xx_HAL_Driver/Src/stm32f1xx_hal_cortex.o
 .text.SysTick_Config
                0x0000000008002340       0x44 ./Drivers/STM32F1xx_HAL_Driver/Src/stm32f1xx_hal_cortex.o
 .text.HAL_NVIC_SetPriorityGrouping
                0x0000000008002384       0x16 ./Drivers/STM32F1xx_HAL_Driver/Src/stm32f1xx_hal_cortex.o
                0x0000000008002384                HAL_NVIC_SetPriorityGrouping
 .text.HAL_NVIC_SetPriority
                0x000000000800239a       0x38 ./Drivers/STM32F1xx_HAL_Driver/Src/stm32f1xx_hal_cortex.o
                0x000000000800239a                HAL_NVIC_SetPriority
 .text.HAL_NVIC_EnableIRQ
                0x00000000080023d2       0x1c ./Drivers/STM32F1xx_HAL_Driver/Src/stm32f1xx_hal_cortex.o
                0x00000000080023d2                HAL_NVIC_EnableIRQ
 .text.HAL_SYSTICK_Config
                0x00000000080023ee       0x18 ./Drivers/STM32F1xx_HAL_Driver/Src/stm32f1xx_hal_cortex.o
                0x00000000080023ee                HAL_SYSTICK_Config
 *fill*         0x0000000008002406        0x2 
 .text.HAL_GPIO_Init
                0x0000000008002408      0x308 ./Drivers/STM32F1xx_HAL_Driver/Src/stm32f1xx_hal_gpio.o
                0x0000000008002408                HAL_GPIO_Init
 .text.HAL_GPIO_ReadPin
                0x0000000008002710       0x2e ./Drivers/STM32F1xx_HAL_Driver/Src/stm32f1xx_hal_gpio.o
                0x0000000008002710                HAL_GPIO_ReadPin
 .text.HAL_GPIO_WritePin
                0x000000000800273e       0x30 ./Drivers/STM32F1xx_HAL_Driver/Src/stm32f1xx_hal_gpio.o
                0x000000000800273e                HAL_GPIO_WritePin
 *fill*         0x000000000800276e        0x2 
 .text.HAL_GPIO_EXTI_IRQHandler
                0x0000000008002770       0x30 ./Drivers/STM32F1xx_HAL_Driver/Src/stm32f1xx_hal_gpio.o
                0x0000000008002770                HAL_GPIO_EXTI_IRQHandler
 .text.HAL_GPIO_EXTI_Callback
                0x00000000080027a0       0x14 ./Drivers/STM32F1xx_HAL_Driver/Src/stm32f1xx_hal_gpio.o
                0x00000000080027a0                HAL_GPIO_EXTI_Callback
 .text.HAL_I2C_Init
                0x00000000080027b4      0x288 ./Drivers/STM32F1xx_HAL_Driver/Src/stm32f1xx_hal_i2c.o
                0x00000000080027b4                HAL_I2C_Init
 .text.HAL_I2C_Mem_Write
                0x0000000008002a3c      0x1f4 ./Drivers/STM32F1xx_HAL_Driver/Src/stm32f1xx_hal_i2c.o
                0x0000000008002a3c                HAL_I2C_Mem_Write
 .text.I2C_RequestMemoryWrite
                0x0000000008002c30      0x12c ./Drivers/STM32F1xx_HAL_Driver/Src/stm32f1xx_hal_i2c.o
 .text.I2C_WaitOnFlagUntilTimeout
                0x0000000008002d5c       0xf4 ./Drivers/STM32F1xx_HAL_Driver/Src/stm32f1xx_hal_i2c.o
 .text.I2C_WaitOnMasterAddressFlagUntilTimeout
                0x0000000008002e50      0x140 ./Drivers/STM32F1xx_HAL_Driver/Src/stm32f1xx_hal_i2c.o
 .text.I2C_WaitOnTXEFlagUntilTimeout
                0x0000000008002f90       0x90 ./Drivers/STM32F1xx_HAL_Driver/Src/stm32f1xx_hal_i2c.o
 .text.I2C_WaitOnBTFFlagUntilTimeout
                0x0000000008003020       0x90 ./Drivers/STM32F1xx_HAL_Driver/Src/stm32f1xx_hal_i2c.o
 .text.I2C_IsAcknowledgeFailed
                0x00000000080030b0       0x5c ./Drivers/STM32F1xx_HAL_Driver/Src/stm32f1xx_hal_i2c.o
 .text.HAL_RCC_OscConfig
                0x000000000800310c      0x500 ./Drivers/STM32F1xx_HAL_Driver/Src/stm32f1xx_hal_rcc.o
                0x000000000800310c                HAL_RCC_OscConfig
 .text.HAL_RCC_ClockConfig
                0x000000000800360c      0x1d4 ./Drivers/STM32F1xx_HAL_Driver/Src/stm32f1xx_hal_rcc.o
                0x000000000800360c                HAL_RCC_ClockConfig
 .text.HAL_RCC_GetSysClockFreq
                0x00000000080037e0       0xa8 ./Drivers/STM32F1xx_HAL_Driver/Src/stm32f1xx_hal_rcc.o
                0x00000000080037e0                HAL_RCC_GetSysClockFreq
 .text.HAL_RCC_GetHCLKFreq
                0x0000000008003888       0x14 ./Drivers/STM32F1xx_HAL_Driver/Src/stm32f1xx_hal_rcc.o
                0x0000000008003888                HAL_RCC_GetHCLKFreq
 .text.HAL_RCC_GetPCLK1Freq
                0x000000000800389c       0x28 ./Drivers/STM32F1xx_HAL_Driver/Src/stm32f1xx_hal_rcc.o
                0x000000000800389c                HAL_RCC_GetPCLK1Freq
 .text.HAL_RCC_GetPCLK2Freq
                0x00000000080038c4       0x28 ./Drivers/STM32F1xx_HAL_Driver/Src/stm32f1xx_hal_rcc.o
                0x00000000080038c4                HAL_RCC_GetPCLK2Freq
 .text.RCC_Delay
                0x00000000080038ec       0x3c ./Drivers/STM32F1xx_HAL_Driver/Src/stm32f1xx_hal_rcc.o
 .text.HAL_TIM_Base_Init
                0x0000000008003928       0x9e ./Drivers/STM32F1xx_HAL_Driver/Src/stm32f1xx_hal_tim.o
                0x0000000008003928                HAL_TIM_Base_Init
 *fill*         0x00000000080039c6        0x2 
 .text.HAL_TIM_Base_Start_IT
                0x00000000080039c8       0xa4 ./Drivers/STM32F1xx_HAL_Driver/Src/stm32f1xx_hal_tim.o
                0x00000000080039c8                HAL_TIM_Base_Start_IT
 .text.HAL_TIM_Base_Stop_IT
                0x0000000008003a6c       0x5c ./Drivers/STM32F1xx_HAL_Driver/Src/stm32f1xx_hal_tim.o
                0x0000000008003a6c                HAL_TIM_Base_Stop_IT
 .text.HAL_TIM_Encoder_Init
                0x0000000008003ac8      0x144 ./Drivers/STM32F1xx_HAL_Driver/Src/stm32f1xx_hal_tim.o
                0x0000000008003ac8                HAL_TIM_Encoder_Init
 .text.HAL_TIM_Encoder_Start
                0x0000000008003c0c      0x11c ./Drivers/STM32F1xx_HAL_Driver/Src/stm32f1xx_hal_tim.o
                0x0000000008003c0c                HAL_TIM_Encoder_Start
 .text.HAL_TIM_Encoder_Stop
                0x0000000008003d28      0x12e ./Drivers/STM32F1xx_HAL_Driver/Src/stm32f1xx_hal_tim.o
                0x0000000008003d28                HAL_TIM_Encoder_Stop
 .text.HAL_TIM_IRQHandler
                0x0000000008003e56      0x1e0 ./Drivers/STM32F1xx_HAL_Driver/Src/stm32f1xx_hal_tim.o
                0x0000000008003e56                HAL_TIM_IRQHandler
 .text.HAL_TIM_ConfigClockSource
                0x0000000008004036      0x18e ./Drivers/STM32F1xx_HAL_Driver/Src/stm32f1xx_hal_tim.o
                0x0000000008004036                HAL_TIM_ConfigClockSource
 .text.HAL_TIM_OC_DelayElapsedCallback
                0x00000000080041c4       0x12 ./Drivers/STM32F1xx_HAL_Driver/Src/stm32f1xx_hal_tim.o
                0x00000000080041c4                HAL_TIM_OC_DelayElapsedCallback
 .text.HAL_TIM_IC_CaptureCallback
                0x00000000080041d6       0x12 ./Drivers/STM32F1xx_HAL_Driver/Src/stm32f1xx_hal_tim.o
                0x00000000080041d6                HAL_TIM_IC_CaptureCallback
 .text.HAL_TIM_PWM_PulseFinishedCallback
                0x00000000080041e8       0x12 ./Drivers/STM32F1xx_HAL_Driver/Src/stm32f1xx_hal_tim.o
                0x00000000080041e8                HAL_TIM_PWM_PulseFinishedCallback
 .text.HAL_TIM_TriggerCallback
                0x00000000080041fa       0x12 ./Drivers/STM32F1xx_HAL_Driver/Src/stm32f1xx_hal_tim.o
                0x00000000080041fa                HAL_TIM_TriggerCallback
 .text.TIM_Base_SetConfig
                0x000000000800420c       0xdc ./Drivers/STM32F1xx_HAL_Driver/Src/stm32f1xx_hal_tim.o
                0x000000000800420c                TIM_Base_SetConfig
 .text.TIM_TI1_ConfigInputStage
                0x00000000080042e8       0x5c ./Drivers/STM32F1xx_HAL_Driver/Src/stm32f1xx_hal_tim.o
 .text.TIM_TI2_ConfigInputStage
                0x0000000008004344       0x5e ./Drivers/STM32F1xx_HAL_Driver/Src/stm32f1xx_hal_tim.o
 .text.TIM_ITRx_SetConfig
                0x00000000080043a2       0x34 ./Drivers/STM32F1xx_HAL_Driver/Src/stm32f1xx_hal_tim.o
 .text.TIM_ETR_SetConfig
                0x00000000080043d6       0x3e ./Drivers/STM32F1xx_HAL_Driver/Src/stm32f1xx_hal_tim.o
                0x00000000080043d6                TIM_ETR_SetConfig
 .text.TIM_CCxChannelCmd
                0x0000000008004414       0x48 ./Drivers/STM32F1xx_HAL_Driver/Src/stm32f1xx_hal_tim.o
                0x0000000008004414                TIM_CCxChannelCmd
 .text.HAL_TIMEx_MasterConfigSynchronization
                0x000000000800445c       0xbc ./Drivers/STM32F1xx_HAL_Driver/Src/stm32f1xx_hal_tim_ex.o
                0x000000000800445c                HAL_TIMEx_MasterConfigSynchronization
 .text.HAL_TIMEx_CommutCallback
                0x0000000008004518       0x12 ./Drivers/STM32F1xx_HAL_Driver/Src/stm32f1xx_hal_tim_ex.o
                0x0000000008004518                HAL_TIMEx_CommutCallback
 .text.HAL_TIMEx_BreakCallback
                0x000000000800452a       0x12 ./Drivers/STM32F1xx_HAL_Driver/Src/stm32f1xx_hal_tim_ex.o
                0x000000000800452a                HAL_TIMEx_BreakCallback
 .text.HAL_UART_Init
                0x000000000800453c       0xa0 ./Drivers/STM32F1xx_HAL_Driver/Src/stm32f1xx_hal_uart.o
                0x000000000800453c                HAL_UART_Init
 .text.UART_SetConfig
                0x00000000080045dc      0x11c ./Drivers/STM32F1xx_HAL_Driver/Src/stm32f1xx_hal_uart.o
 .text.__errno  0x00000000080046f8        0xc c:/st/stm32cubeide_1.8.0/stm32cubeide/plugins/com.st.stm32cube.ide.mcu.externaltools.gnu-tools-for-stm32.9-2020-q2-update.win32_2.0.0.202105311346/tools/bin/../lib/gcc/arm-none-eabi/9.3.1/../../../../arm-none-eabi/lib/thumb/v7-m/nofp\libc_nano.a(lib_a-errno.o)
                0x00000000080046f8                __errno
 .text.__libc_init_array
                0x0000000008004704       0x48 c:/st/stm32cubeide_1.8.0/stm32cubeide/plugins/com.st.stm32cube.ide.mcu.externaltools.gnu-tools-for-stm32.9-2020-q2-update.win32_2.0.0.202105311346/tools/bin/../lib/gcc/arm-none-eabi/9.3.1/../../../../arm-none-eabi/lib/thumb/v7-m/nofp\libc_nano.a(lib_a-init.o)
                0x0000000008004704                __libc_init_array
 .text.memset   0x000000000800474c       0x10 c:/st/stm32cubeide_1.8.0/stm32cubeide/plugins/com.st.stm32cube.ide.mcu.externaltools.gnu-tools-for-stm32.9-2020-q2-update.win32_2.0.0.202105311346/tools/bin/../lib/gcc/arm-none-eabi/9.3.1/../../../../arm-none-eabi/lib/thumb/v7-m/nofp\libc_nano.a(lib_a-memset.o)
                0x000000000800474c                memset
 .text.sprintf  0x000000000800475c       0x40 c:/st/stm32cubeide_1.8.0/stm32cubeide/plugins/com.st.stm32cube.ide.mcu.externaltools.gnu-tools-for-stm32.9-2020-q2-update.win32_2.0.0.202105311346/tools/bin/../lib/gcc/arm-none-eabi/9.3.1/../../../../arm-none-eabi/lib/thumb/v7-m/nofp\libc_nano.a(lib_a-sprintf.o)
                0x000000000800475c                siprintf
                0x000000000800475c                sprintf
 .text.__ssputs_r
                0x000000000800479c       0xb6 c:/st/stm32cubeide_1.8.0/stm32cubeide/plugins/com.st.stm32cube.ide.mcu.externaltools.gnu-tools-for-stm32.9-2020-q2-update.win32_2.0.0.202105311346/tools/bin/../lib/gcc/arm-none-eabi/9.3.1/../../../../arm-none-eabi/lib/thumb/v7-m/nofp\libc_nano.a(lib_a-nano-svfprintf.o)
                0x000000000800479c                __ssputs_r
 *fill*         0x0000000008004852        0x2 
 .text._svfprintf_r
                0x0000000008004854      0x200 c:/st/stm32cubeide_1.8.0/stm32cubeide/plugins/com.st.stm32cube.ide.mcu.externaltools.gnu-tools-for-stm32.9-2020-q2-update.win32_2.0.0.202105311346/tools/bin/../lib/gcc/arm-none-eabi/9.3.1/../../../../arm-none-eabi/lib/thumb/v7-m/nofp\libc_nano.a(lib_a-nano-svfprintf.o)
                0x0000000008004854                _svfiprintf_r
                0x0000000008004854                _svfprintf_r
 .text._printf_common
                0x0000000008004a54       0xde c:/st/stm32cubeide_1.8.0/stm32cubeide/plugins/com.st.stm32cube.ide.mcu.externaltools.gnu-tools-for-stm32.9-2020-q2-update.win32_2.0.0.202105311346/tools/bin/../lib/gcc/arm-none-eabi/9.3.1/../../../../arm-none-eabi/lib/thumb/v7-m/nofp\libc_nano.a(lib_a-nano-vfprintf_i.o)
                0x0000000008004a54                _printf_common
 *fill*         0x0000000008004b32        0x2 
 .text._printf_i
                0x0000000008004b34      0x24c c:/st/stm32cubeide_1.8.0/stm32cubeide/plugins/com.st.stm32cube.ide.mcu.externaltools.gnu-tools-for-stm32.9-2020-q2-update.win32_2.0.0.202105311346/tools/bin/../lib/gcc/arm-none-eabi/9.3.1/../../../../arm-none-eabi/lib/thumb/v7-m/nofp\libc_nano.a(lib_a-nano-vfprintf_i.o)
                0x0000000008004b34                _printf_i
 .text.memchr   0x0000000008004d80       0x1c c:/st/stm32cubeide_1.8.0/stm32cubeide/plugins/com.st.stm32cube.ide.mcu.externaltools.gnu-tools-for-stm32.9-2020-q2-update.win32_2.0.0.202105311346/tools/bin/../lib/gcc/arm-none-eabi/9.3.1/../../../../arm-none-eabi/lib/thumb/v7-m/nofp\libc_nano.a(lib_a-memchr-stub.o)
                0x0000000008004d80                memchr
 .text.memcpy   0x0000000008004d9c       0x1c c:/st/stm32cubeide_1.8.0/stm32cubeide/plugins/com.st.stm32cube.ide.mcu.externaltools.gnu-tools-for-stm32.9-2020-q2-update.win32_2.0.0.202105311346/tools/bin/../lib/gcc/arm-none-eabi/9.3.1/../../../../arm-none-eabi/lib/thumb/v7-m/nofp\libc_nano.a(lib_a-memcpy-stub.o)
                0x0000000008004d9c                memcpy
 .text.memmove  0x0000000008004db8       0x34 c:/st/stm32cubeide_1.8.0/stm32cubeide/plugins/com.st.stm32cube.ide.mcu.externaltools.gnu-tools-for-stm32.9-2020-q2-update.win32_2.0.0.202105311346/tools/bin/../lib/gcc/arm-none-eabi/9.3.1/../../../../arm-none-eabi/lib/thumb/v7-m/nofp\libc_nano.a(lib_a-memmove.o)
                0x0000000008004db8                memmove
 .text._free_r  0x0000000008004dec       0x98 c:/st/stm32cubeide_1.8.0/stm32cubeide/plugins/com.st.stm32cube.ide.mcu.externaltools.gnu-tools-for-stm32.9-2020-q2-update.win32_2.0.0.202105311346/tools/bin/../lib/gcc/arm-none-eabi/9.3.1/../../../../arm-none-eabi/lib/thumb/v7-m/nofp\libc_nano.a(lib_a-nano-freer.o)
                0x0000000008004dec                _free_r
 .text._malloc_r
                0x0000000008004e84       0xb4 c:/st/stm32cubeide_1.8.0/stm32cubeide/plugins/com.st.stm32cube.ide.mcu.externaltools.gnu-tools-for-stm32.9-2020-q2-update.win32_2.0.0.202105311346/tools/bin/../lib/gcc/arm-none-eabi/9.3.1/../../../../arm-none-eabi/lib/thumb/v7-m/nofp\libc_nano.a(lib_a-nano-mallocr.o)
                0x0000000008004e84                _malloc_r
 .text._realloc_r
                0x0000000008004f38       0x4c c:/st/stm32cubeide_1.8.0/stm32cubeide/plugins/com.st.stm32cube.ide.mcu.externaltools.gnu-tools-for-stm32.9-2020-q2-update.win32_2.0.0.202105311346/tools/bin/../lib/gcc/arm-none-eabi/9.3.1/../../../../arm-none-eabi/lib/thumb/v7-m/nofp\libc_nano.a(lib_a-nano-reallocr.o)
                0x0000000008004f38                _realloc_r
 .text._sbrk_r  0x0000000008004f84       0x20 c:/st/stm32cubeide_1.8.0/stm32cubeide/plugins/com.st.stm32cube.ide.mcu.externaltools.gnu-tools-for-stm32.9-2020-q2-update.win32_2.0.0.202105311346/tools/bin/../lib/gcc/arm-none-eabi/9.3.1/../../../../arm-none-eabi/lib/thumb/v7-m/nofp\libc_nano.a(lib_a-sbrkr.o)
                0x0000000008004f84                _sbrk_r
 .text.__malloc_lock
                0x0000000008004fa4        0xc c:/st/stm32cubeide_1.8.0/stm32cubeide/plugins/com.st.stm32cube.ide.mcu.externaltools.gnu-tools-for-stm32.9-2020-q2-update.win32_2.0.0.202105311346/tools/bin/../lib/gcc/arm-none-eabi/9.3.1/../../../../arm-none-eabi/lib/thumb/v7-m/nofp\libc_nano.a(lib_a-mlock.o)
                0x0000000008004fa4                __malloc_lock
 .text.__malloc_unlock
                0x0000000008004fb0        0xc c:/st/stm32cubeide_1.8.0/stm32cubeide/plugins/com.st.stm32cube.ide.mcu.externaltools.gnu-tools-for-stm32.9-2020-q2-update.win32_2.0.0.202105311346/tools/bin/../lib/gcc/arm-none-eabi/9.3.1/../../../../arm-none-eabi/lib/thumb/v7-m/nofp\libc_nano.a(lib_a-mlock.o)
                0x0000000008004fb0                __malloc_unlock
 .text._malloc_usable_size_r
                0x0000000008004fbc       0x10 c:/st/stm32cubeide_1.8.0/stm32cubeide/plugins/com.st.stm32cube.ide.mcu.externaltools.gnu-tools-for-stm32.9-2020-q2-update.win32_2.0.0.202105311346/tools/bin/../lib/gcc/arm-none-eabi/9.3.1/../../../../arm-none-eabi/lib/thumb/v7-m/nofp\libc_nano.a(lib_a-nano-msizer.o)
                0x0000000008004fbc                _malloc_usable_size_r
 .text.__retarget_lock_acquire_recursive
                0x0000000008004fcc        0x2 c:/st/stm32cubeide_1.8.0/stm32cubeide/plugins/com.st.stm32cube.ide.mcu.externaltools.gnu-tools-for-stm32.9-2020-q2-update.win32_2.0.0.202105311346/tools/bin/../lib/gcc/arm-none-eabi/9.3.1/../../../../arm-none-eabi/lib/thumb/v7-m/nofp\libc_nano.a(lib_a-lock.o)
                0x0000000008004fcc                __retarget_lock_acquire_recursive
 .text.__retarget_lock_release_recursive
                0x0000000008004fce        0x2 c:/st/stm32cubeide_1.8.0/stm32cubeide/plugins/com.st.stm32cube.ide.mcu.externaltools.gnu-tools-for-stm32.9-2020-q2-update.win32_2.0.0.202105311346/tools/bin/../lib/gcc/arm-none-eabi/9.3.1/../../../../arm-none-eabi/lib/thumb/v7-m/nofp\libc_nano.a(lib_a-lock.o)
                0x0000000008004fce                __retarget_lock_release_recursive
 *(.glue_7)
 .glue_7        0x0000000008004fd0        0x0 linker stubs
 *(.glue_7t)
 .glue_7t       0x0000000008004fd0        0x0 linker stubs
 *(.eh_frame)
 .eh_frame      0x0000000008004fd0        0x0 c:/st/stm32cubeide_1.8.0/stm32cubeide/plugins/com.st.stm32cube.ide.mcu.externaltools.gnu-tools-for-stm32.9-2020-q2-update.win32_2.0.0.202105311346/tools/bin/../lib/gcc/arm-none-eabi/9.3.1/thumb/v7-m/nofp/crtbegin.o
 *(.init)
 .init          0x0000000008004fd0        0x4 c:/st/stm32cubeide_1.8.0/stm32cubeide/plugins/com.st.stm32cube.ide.mcu.externaltools.gnu-tools-for-stm32.9-2020-q2-update.win32_2.0.0.202105311346/tools/bin/../lib/gcc/arm-none-eabi/9.3.1/thumb/v7-m/nofp/crti.o
                0x0000000008004fd0                _init
 .init          0x0000000008004fd4        0x8 c:/st/stm32cubeide_1.8.0/stm32cubeide/plugins/com.st.stm32cube.ide.mcu.externaltools.gnu-tools-for-stm32.9-2020-q2-update.win32_2.0.0.202105311346/tools/bin/../lib/gcc/arm-none-eabi/9.3.1/thumb/v7-m/nofp/crtn.o
 *(.fini)
 .fini          0x0000000008004fdc        0x4 c:/st/stm32cubeide_1.8.0/stm32cubeide/plugins/com.st.stm32cube.ide.mcu.externaltools.gnu-tools-for-stm32.9-2020-q2-update.win32_2.0.0.202105311346/tools/bin/../lib/gcc/arm-none-eabi/9.3.1/thumb/v7-m/nofp/crti.o
                0x0000000008004fdc                _fini
 .fini          0x0000000008004fe0        0x8 c:/st/stm32cubeide_1.8.0/stm32cubeide/plugins/com.st.stm32cube.ide.mcu.externaltools.gnu-tools-for-stm32.9-2020-q2-update.win32_2.0.0.202105311346/tools/bin/../lib/gcc/arm-none-eabi/9.3.1/thumb/v7-m/nofp/crtn.o
                0x0000000008004fe8                . = ALIGN (0x4)
                0x0000000008004fe8                _etext = .

.vfp11_veneer   0x0000000008004fe8        0x0
 .vfp11_veneer  0x0000000008004fe8        0x0 linker stubs

.v4_bx          0x0000000008004fe8        0x0
 .v4_bx         0x0000000008004fe8        0x0 linker stubs

.iplt           0x0000000008004fe8        0x0
 .iplt          0x0000000008004fe8        0x0 c:/st/stm32cubeide_1.8.0/stm32cubeide/plugins/com.st.stm32cube.ide.mcu.externaltools.gnu-tools-for-stm32.9-2020-q2-update.win32_2.0.0.202105311346/tools/bin/../lib/gcc/arm-none-eabi/9.3.1/thumb/v7-m/nofp/crtbegin.o

.rodata         0x0000000008004fe8      0x428
                0x0000000008004fe8                . = ALIGN (0x4)
 *(.rodata)
 .rodata        0x0000000008004fe8      0x105 ./Core/Src/Pomodoro_Display.o
 *fill*         0x00000000080050ed        0x3 
 .rodata        0x00000000080050f0       0xdf ./Core/Src/Pomodoro_StateMachine.o
 *(.rodata*)
 *fill*         0x00000000080051cf        0x1 
 .rodata.font_8x5
                0x00000000080051d0      0x1dd ./Core/Src/main.o
                0x00000000080051d0                font_8x5
 *fill*         0x00000000080053ad        0x3 
 .rodata.AHBPrescTable
                0x00000000080053b0       0x10 ./Core/Src/system_stm32f1xx.o
                0x00000000080053b0                AHBPrescTable
 .rodata.APBPrescTable
                0x00000000080053c0        0x8 ./Core/Src/system_stm32f1xx.o
                0x00000000080053c0                APBPrescTable
 .rodata.aPLLMULFactorTable.6442
                0x00000000080053c8       0x10 ./Drivers/STM32F1xx_HAL_Driver/Src/stm32f1xx_hal_rcc.o
 .rodata.aPredivFactorTable.6443
                0x00000000080053d8        0x2 ./Drivers/STM32F1xx_HAL_Driver/Src/stm32f1xx_hal_rcc.o
 .rodata._svfprintf_r.str1.1
                0x00000000080053da       0x11 c:/st/stm32cubeide_1.8.0/stm32cubeide/plugins/com.st.stm32cube.ide.mcu.externaltools.gnu-tools-for-stm32.9-2020-q2-update.win32_2.0.0.202105311346/tools/bin/../lib/gcc/arm-none-eabi/9.3.1/../../../../arm-none-eabi/lib/thumb/v7-m/nofp\libc_nano.a(lib_a-nano-svfprintf.o)
 .rodata._printf_i.str1.1
                0x00000000080053eb       0x22 c:/st/stm32cubeide_1.8.0/stm32cubeide/plugins/com.st.stm32cube.ide.mcu.externaltools.gnu-tools-for-stm32.9-2020-q2-update.win32_2.0.0.202105311346/tools/bin/../lib/gcc/arm-none-eabi/9.3.1/../../../../arm-none-eabi/lib/thumb/v7-m/nofp\libc_nano.a(lib_a-nano-vfprintf_i.o)
                0x0000000008005410                . = ALIGN (0x4)
 *fill*         0x000000000800540d        0x3 

.rel.dyn        0x0000000008005410        0x0
 .rel.iplt      0x0000000008005410        0x0 c:/st/stm32cubeide_1.8.0/stm32cubeide/plugins/com.st.stm32cube.ide.mcu.externaltools.gnu-tools-for-stm32.9-2020-q2-update.win32_2.0.0.202105311346/tools/bin/../lib/gcc/arm-none-eabi/9.3.1/thumb/v7-m/nofp/crtbegin.o

.ARM.extab      0x0000000008005410        0x0
                0x0000000008005410                . = ALIGN (0x4)
 *(.ARM.extab* .gnu.linkonce.armextab.*)
                0x0000000008005410                . = ALIGN (0x4)

.ARM            0x0000000008005410        0x0
                0x0000000008005410                . = ALIGN (0x4)
                0x0000000008005410                __exidx_start = .
 *(.ARM.exidx*)
                0x0000000008005410                __exidx_end = .
                0x0000000008005410                . = ALIGN (0x4)

.preinit_array  0x0000000008005410        0x0
                0x0000000008005410                . = ALIGN (0x4)
                0x0000000008005410                PROVIDE (__preinit_array_start = .)
 *(.preinit_array*)
                0x0000000008005410                PROVIDE (__preinit_array_end = .)
                0x0000000008005410                . = ALIGN (0x4)

.init_array     0x0000000008005410        0x4
                0x0000000008005410                . = ALIGN (0x4)
                0x0000000008005410                PROVIDE (__init_array_start = .)
 *(SORT_BY_NAME(.init_array.*))
 *(.init_array*)
 .init_array    0x0000000008005410        0x4 c:/st/stm32cubeide_1.8.0/stm32cubeide/plugins/com.st.stm32cube.ide.mcu.externaltools.gnu-tools-for-stm32.9-2020-q2-update.win32_2.0.0.202105311346/tools/bin/../lib/gcc/arm-none-eabi/9.3.1/thumb/v7-m/nofp/crtbegin.o
                0x0000000008005414                PROVIDE (__init_array_end = .)
                0x0000000008005414                . = ALIGN (0x4)

.fini_array     0x0000000008005414        0x4
                0x0000000008005414                . = ALIGN (0x4)
                [!provide]                        PROVIDE (__fini_array_start = .)
 *(SORT_BY_NAME(.fini_array.*))
 *(.fini_array*)
 .fini_array    0x0000000008005414        0x4 c:/st/stm32cubeide_1.8.0/stm32cubeide/plugins/com.st.stm32cube.ide.mcu.externaltools.gnu-tools-for-stm32.9-2020-q2-update.win32_2.0.0.202105311346/tools/bin/../lib/gcc/arm-none-eabi/9.3.1/thumb/v7-m/nofp/crtbegin.o
                [!provide]                        PROVIDE (__fini_array_end = .)
                0x0000000008005418                . = ALIGN (0x4)
                0x0000000008005418                _sidata = LOADADDR (.data)

.data           0x0000000020000000       0x74 load address 0x0000000008005418
                0x0000000020000000                . = ALIGN (0x4)
                0x0000000020000000                _sdata = .
 *(.data)
 *(.data*)
 .data.size     0x0000000020000000        0x1 ./Core/Src/GFX_BW.o
                0x0000000020000000                size
 .data.actualMode.7813
                0x0000000020000001        0x1 ./Core/Src/Pomodoro_Display.o
 *fill*         0x0000000020000002        0x2 
 .data.SystemCoreClock
                0x0000000020000004        0x4 ./Core/Src/system_stm32f1xx.o
                0x0000000020000004                SystemCoreClock
 .data.uwTickPrio
                0x0000000020000008        0x4 ./Drivers/STM32F1xx_HAL_Driver/Src/stm32f1xx_hal.o
                0x0000000020000008                uwTickPrio
 .data.uwTickFreq
                0x000000002000000c        0x1 ./Drivers/STM32F1xx_HAL_Driver/Src/stm32f1xx_hal.o
                0x000000002000000c                uwTickFreq
 *fill*         0x000000002000000d        0x3 
 .data._impure_ptr
                0x0000000020000010        0x4 c:/st/stm32cubeide_1.8.0/stm32cubeide/plugins/com.st.stm32cube.ide.mcu.externaltools.gnu-tools-for-stm32.9-2020-q2-update.win32_2.0.0.202105311346/tools/bin/../lib/gcc/arm-none-eabi/9.3.1/../../../../arm-none-eabi/lib/thumb/v7-m/nofp\libc_nano.a(lib_a-impure.o)
                0x0000000020000010                _impure_ptr
 .data.impure_data
                0x0000000020000014       0x60 c:/st/stm32cubeide_1.8.0/stm32cubeide/plugins/com.st.stm32cube.ide.mcu.externaltools.gnu-tools-for-stm32.9-2020-q2-update.win32_2.0.0.202105311346/tools/bin/../lib/gcc/arm-none-eabi/9.3.1/../../../../arm-none-eabi/lib/thumb/v7-m/nofp\libc_nano.a(lib_a-impure.o)
 *(.RamFunc)
 *(.RamFunc*)
                0x0000000020000074                . = ALIGN (0x4)
                0x0000000020000074                _edata = .

.igot.plt       0x0000000020000074        0x0 load address 0x000000000800548c
 .igot.plt      0x0000000020000074        0x0 c:/st/stm32cubeide_1.8.0/stm32cubeide/plugins/com.st.stm32cube.ide.mcu.externaltools.gnu-tools-for-stm32.9-2020-q2-update.win32_2.0.0.202105311346/tools/bin/../lib/gcc/arm-none-eabi/9.3.1/thumb/v7-m/nofp/crtbegin.o
                0x0000000020000074                . = ALIGN (0x4)

.bss            0x0000000020000074      0x688 load address 0x000000000800548c
                0x0000000020000074                _sbss = .
                0x0000000020000074                __bss_start__ = _sbss
 *(.bss)
 .bss           0x0000000020000074       0x1c c:/st/stm32cubeide_1.8.0/stm32cubeide/plugins/com.st.stm32cube.ide.mcu.externaltools.gnu-tools-for-stm32.9-2020-q2-update.win32_2.0.0.202105311346/tools/bin/../lib/gcc/arm-none-eabi/9.3.1/thumb/v7-m/nofp/crtbegin.o
 *(.bss*)
 .bss.EncoderState
                0x0000000020000090        0x4 ./Core/Src/Encoder.o
 .bss.EncoderChange
                0x0000000020000094        0x1 ./Core/Src/Encoder.o
 .bss.EncoderWorking
                0x0000000020000095        0x1 ./Core/Src/Encoder.o
 .bss.Flag_DisplayUpdate
                0x0000000020000096        0x1 ./Core/Src/Pomodoro_Display.o
 .bss.Flag_DisplayToggleUpdate
                0x0000000020000097        0x1 ./Core/Src/Pomodoro_Display.o
 .bss.presentValue
                0x0000000020000098        0x1 ./Core/Src/Pomodoro_StateMachine.o
                0x0000000020000098                presentValue
 *fill*         0x0000000020000099        0x3 
 .bss.buffer    0x000000002000009c      0x400 ./Core/Src/SSD1306_OLED.o
 .bss.__sbrk_heap_end
                0x000000002000049c        0x4 ./Core/Src/sysmem.o
 .bss.__malloc_free_list
                0x00000000200004a0        0x4 c:/st/stm32cubeide_1.8.0/stm32cubeide/plugins/com.st.stm32cube.ide.mcu.externaltools.gnu-tools-for-stm32.9-2020-q2-update.win32_2.0.0.202105311346/tools/bin/../lib/gcc/arm-none-eabi/9.3.1/../../../../arm-none-eabi/lib/thumb/v7-m/nofp\libc_nano.a(lib_a-nano-mallocr.o)
                0x00000000200004a0                __malloc_free_list
 .bss.__malloc_sbrk_start
                0x00000000200004a4        0x4 c:/st/stm32cubeide_1.8.0/stm32cubeide/plugins/com.st.stm32cube.ide.mcu.externaltools.gnu-tools-for-stm32.9-2020-q2-update.win32_2.0.0.202105311346/tools/bin/../lib/gcc/arm-none-eabi/9.3.1/../../../../arm-none-eabi/lib/thumb/v7-m/nofp\libc_nano.a(lib_a-nano-mallocr.o)
                0x00000000200004a4                __malloc_sbrk_start
 *(COMMON)
 COMMON         0x00000000200004a8        0x1 ./Core/Src/Button.o
                0x00000000200004a8                Flag_PressedDebounced
 *fill*         0x00000000200004a9        0x3 
 COMMON         0x00000000200004ac       0x48 ./Core/Src/Encoder.o
                0x00000000200004ac                htim1
 COMMON         0x00000000200004f4        0x4 ./Core/Src/GFX_BW.o
                0x00000000200004f4                font
 COMMON         0x00000000200004f8       0x20 ./Core/Src/Pomodoro_Display.o
                0x00000000200004f8                str
 COMMON         0x0000000020000518       0x70 ./Core/Src/Pomodoro_StateMachine.o
                0x0000000020000518                BackToPomodoroText
                0x0000000020000524                BasicSetup
                0x0000000020000530                Buzzer
                0x0000000020000540                StartWork
                0x000000002000054c                OwnSetup
                0x0000000020000558                EditSetup
                0x0000000020000564                ExitFromCycleText
                0x0000000020000570                BackToMenu
                0x000000002000057c                PressToConfirm
 COMMON         0x0000000020000588        0x4 ./Core/Src/SSD1306_OLED.o
                0x0000000020000588                oled_i2c
 COMMON         0x000000002000058c       0x54 ./Core/Src/i2c.o
                0x000000002000058c                hi2c1
 COMMON         0x00000000200005e0       0x2e ./Core/Src/main.o
                0x00000000200005e0                MainEncoder
                0x00000000200005ec                MainButton
                0x0000000020000600                MainPomodoro
 *fill*         0x000000002000060e        0x2 
 COMMON         0x0000000020000610       0x90 ./Core/Src/tim.o
                0x0000000020000610                htim3
                0x0000000020000658                htim2
 COMMON         0x00000000200006a0       0x48 ./Core/Src/usart.o
                0x00000000200006a0                huart2
 COMMON         0x00000000200006e8        0x4 ./Drivers/STM32F1xx_HAL_Driver/Src/stm32f1xx_hal.o
                0x00000000200006e8                uwTick
 COMMON         0x00000000200006ec        0x4 c:/st/stm32cubeide_1.8.0/stm32cubeide/plugins/com.st.stm32cube.ide.mcu.externaltools.gnu-tools-for-stm32.9-2020-q2-update.win32_2.0.0.202105311346/tools/bin/../lib/gcc/arm-none-eabi/9.3.1/../../../../arm-none-eabi/lib/thumb/v7-m/nofp\libc_nano.a(lib_a-reent.o)
                0x00000000200006ec                errno
 COMMON         0x00000000200006f0        0x9 c:/st/stm32cubeide_1.8.0/stm32cubeide/plugins/com.st.stm32cube.ide.mcu.externaltools.gnu-tools-for-stm32.9-2020-q2-update.win32_2.0.0.202105311346/tools/bin/../lib/gcc/arm-none-eabi/9.3.1/../../../../arm-none-eabi/lib/thumb/v7-m/nofp\libc_nano.a(lib_a-lock.o)
                0x00000000200006f0                __lock___atexit_recursive_mutex
                0x00000000200006f1                __lock___arc4random_mutex
                0x00000000200006f2                __lock___env_recursive_mutex
                0x00000000200006f3                __lock___sinit_recursive_mutex
                0x00000000200006f4                __lock___malloc_recursive_mutex
                0x00000000200006f5                __lock___at_quick_exit_mutex
                0x00000000200006f6                __lock___dd_hash_mutex
                0x00000000200006f7                __lock___tz_mutex
                0x00000000200006f8                __lock___sfp_recursive_mutex
                0x00000000200006fc                . = ALIGN (0x4)
 *fill*         0x00000000200006f9        0x3 
                0x00000000200006fc                _ebss = .
                0x00000000200006fc                __bss_end__ = _ebss

._user_heap_stack
                0x00000000200006fc      0x604 load address 0x000000000800548c
                0x0000000020000700                . = ALIGN (0x8)
 *fill*         0x00000000200006fc        0x4 
                [!provide]                        PROVIDE (end = .)
                0x0000000020000700                PROVIDE (_end = .)
                0x0000000020000900                . = (. + _Min_Heap_Size)
 *fill*         0x0000000020000700      0x200 
                0x0000000020000d00                . = (. + _Min_Stack_Size)
 *fill*         0x0000000020000900      0x400 
                0x0000000020000d00                . = ALIGN (0x8)

/DISCARD/
 libc.a(*)
 libm.a(*)
 libgcc.a(*)

.ARM.attributes
                0x0000000000000000       0x29
 *(.ARM.attributes)
 .ARM.attributes
                0x0000000000000000       0x1d c:/st/stm32cubeide_1.8.0/stm32cubeide/plugins/com.st.stm32cube.ide.mcu.externaltools.gnu-tools-for-stm32.9-2020-q2-update.win32_2.0.0.202105311346/tools/bin/../lib/gcc/arm-none-eabi/9.3.1/thumb/v7-m/nofp/crti.o
 .ARM.attributes
                0x000000000000001d       0x2d c:/st/stm32cubeide_1.8.0/stm32cubeide/plugins/com.st.stm32cube.ide.mcu.externaltools.gnu-tools-for-stm32.9-2020-q2-update.win32_2.0.0.202105311346/tools/bin/../lib/gcc/arm-none-eabi/9.3.1/thumb/v7-m/nofp/crtbegin.o
 .ARM.attributes
                0x000000000000004a       0x2d ./Core/Src/Button.o
 .ARM.attributes
                0x0000000000000077       0x2d ./Core/Src/Buzzer.o
 .ARM.attributes
                0x00000000000000a4       0x2d ./Core/Src/Encoder.o
 .ARM.attributes
                0x00000000000000d1       0x2d ./Core/Src/GFX_BW.o
 .ARM.attributes
                0x00000000000000fe       0x2d ./Core/Src/Pomodoro_Display.o
 .ARM.attributes
                0x000000000000012b       0x2d ./Core/Src/Pomodoro_StateMachine.o
 .ARM.attributes
                0x0000000000000158       0x2d ./Core/Src/SSD1306_OLED.o
 .ARM.attributes
                0x0000000000000185       0x2d ./Core/Src/gpio.o
 .ARM.attributes
                0x00000000000001b2       0x2d ./Core/Src/i2c.o
 .ARM.attributes
                0x00000000000001df       0x2d ./Core/Src/main.o
 .ARM.attributes
                0x000000000000020c       0x2d ./Core/Src/stm32f1xx_hal_msp.o
 .ARM.attributes
                0x0000000000000239       0x2d ./Core/Src/stm32f1xx_it.o
 .ARM.attributes
                0x0000000000000266       0x2d ./Core/Src/sysmem.o
 .ARM.attributes
                0x0000000000000293       0x2d ./Core/Src/system_stm32f1xx.o
 .ARM.attributes
                0x00000000000002c0       0x2d ./Core/Src/tim.o
 .ARM.attributes
                0x00000000000002ed       0x2d ./Core/Src/usart.o
 .ARM.attributes
                0x000000000000031a       0x21 ./Core/Startup/startup_stm32f103rbtx.o
 .ARM.attributes
                0x000000000000033b       0x2d ./Drivers/STM32F1xx_HAL_Driver/Src/stm32f1xx_hal.o
 .ARM.attributes
                0x0000000000000368       0x2d ./Drivers/STM32F1xx_HAL_Driver/Src/stm32f1xx_hal_cortex.o
 .ARM.attributes
                0x0000000000000395       0x2d ./Drivers/STM32F1xx_HAL_Driver/Src/stm32f1xx_hal_gpio.o
 .ARM.attributes
                0x00000000000003c2       0x2d ./Drivers/STM32F1xx_HAL_Driver/Src/stm32f1xx_hal_i2c.o
 .ARM.attributes
                0x00000000000003ef       0x2d ./Drivers/STM32F1xx_HAL_Driver/Src/stm32f1xx_hal_rcc.o
 .ARM.attributes
                0x000000000000041c       0x2d ./Drivers/STM32F1xx_HAL_Driver/Src/stm32f1xx_hal_tim.o
 .ARM.attributes
                0x0000000000000449       0x2d ./Drivers/STM32F1xx_HAL_Driver/Src/stm32f1xx_hal_tim_ex.o
 .ARM.attributes
                0x0000000000000476       0x2d ./Drivers/STM32F1xx_HAL_Driver/Src/stm32f1xx_hal_uart.o
 .ARM.attributes
                0x00000000000004a3       0x2d c:/st/stm32cubeide_1.8.0/stm32cubeide/plugins/com.st.stm32cube.ide.mcu.externaltools.gnu-tools-for-stm32.9-2020-q2-update.win32_2.0.0.202105311346/tools/bin/../lib/gcc/arm-none-eabi/9.3.1/../../../../arm-none-eabi/lib/thumb/v7-m/nofp\libc_nano.a(lib_a-errno.o)
 .ARM.attributes
                0x00000000000004d0       0x2d c:/st/stm32cubeide_1.8.0/stm32cubeide/plugins/com.st.stm32cube.ide.mcu.externaltools.gnu-tools-for-stm32.9-2020-q2-update.win32_2.0.0.202105311346/tools/bin/../lib/gcc/arm-none-eabi/9.3.1/../../../../arm-none-eabi/lib/thumb/v7-m/nofp\libc_nano.a(lib_a-impure.o)
 .ARM.attributes
                0x00000000000004fd       0x2d c:/st/stm32cubeide_1.8.0/stm32cubeide/plugins/com.st.stm32cube.ide.mcu.externaltools.gnu-tools-for-stm32.9-2020-q2-update.win32_2.0.0.202105311346/tools/bin/../lib/gcc/arm-none-eabi/9.3.1/../../../../arm-none-eabi/lib/thumb/v7-m/nofp\libc_nano.a(lib_a-init.o)
 .ARM.attributes
                0x000000000000052a       0x2d c:/st/stm32cubeide_1.8.0/stm32cubeide/plugins/com.st.stm32cube.ide.mcu.externaltools.gnu-tools-for-stm32.9-2020-q2-update.win32_2.0.0.202105311346/tools/bin/../lib/gcc/arm-none-eabi/9.3.1/../../../../arm-none-eabi/lib/thumb/v7-m/nofp\libc_nano.a(lib_a-memset.o)
 .ARM.attributes
                0x0000000000000557       0x2d c:/st/stm32cubeide_1.8.0/stm32cubeide/plugins/com.st.stm32cube.ide.mcu.externaltools.gnu-tools-for-stm32.9-2020-q2-update.win32_2.0.0.202105311346/tools/bin/../lib/gcc/arm-none-eabi/9.3.1/../../../../arm-none-eabi/lib/thumb/v7-m/nofp\libc_nano.a(lib_a-sprintf.o)
 .ARM.attributes
                0x0000000000000584       0x2d c:/st/stm32cubeide_1.8.0/stm32cubeide/plugins/com.st.stm32cube.ide.mcu.externaltools.gnu-tools-for-stm32.9-2020-q2-update.win32_2.0.0.202105311346/tools/bin/../lib/gcc/arm-none-eabi/9.3.1/../../../../arm-none-eabi/lib/thumb/v7-m/nofp\libc_nano.a(lib_a-nano-svfprintf.o)
 .ARM.attributes
                0x00000000000005b1       0x2d c:/st/stm32cubeide_1.8.0/stm32cubeide/plugins/com.st.stm32cube.ide.mcu.externaltools.gnu-tools-for-stm32.9-2020-q2-update.win32_2.0.0.202105311346/tools/bin/../lib/gcc/arm-none-eabi/9.3.1/../../../../arm-none-eabi/lib/thumb/v7-m/nofp\libc_nano.a(lib_a-nano-vfprintf_i.o)
 .ARM.attributes
                0x00000000000005de       0x2d c:/st/stm32cubeide_1.8.0/stm32cubeide/plugins/com.st.stm32cube.ide.mcu.externaltools.gnu-tools-for-stm32.9-2020-q2-update.win32_2.0.0.202105311346/tools/bin/../lib/gcc/arm-none-eabi/9.3.1/../../../../arm-none-eabi/lib/thumb/v7-m/nofp\libc_nano.a(lib_a-memchr-stub.o)
 .ARM.attributes
                0x000000000000060b       0x2d c:/st/stm32cubeide_1.8.0/stm32cubeide/plugins/com.st.stm32cube.ide.mcu.externaltools.gnu-tools-for-stm32.9-2020-q2-update.win32_2.0.0.202105311346/tools/bin/../lib/gcc/arm-none-eabi/9.3.1/../../../../arm-none-eabi/lib/thumb/v7-m/nofp\libc_nano.a(lib_a-memcpy-stub.o)
 .ARM.attributes
                0x0000000000000638       0x2d c:/st/stm32cubeide_1.8.0/stm32cubeide/plugins/com.st.stm32cube.ide.mcu.externaltools.gnu-tools-for-stm32.9-2020-q2-update.win32_2.0.0.202105311346/tools/bin/../lib/gcc/arm-none-eabi/9.3.1/../../../../arm-none-eabi/lib/thumb/v7-m/nofp\libc_nano.a(lib_a-memmove.o)
 .ARM.attributes
                0x0000000000000665       0x2d c:/st/stm32cubeide_1.8.0/stm32cubeide/plugins/com.st.stm32cube.ide.mcu.externaltools.gnu-tools-for-stm32.9-2020-q2-update.win32_2.0.0.202105311346/tools/bin/../lib/gcc/arm-none-eabi/9.3.1/../../../../arm-none-eabi/lib/thumb/v7-m/nofp\libc_nano.a(lib_a-nano-freer.o)
 .ARM.attributes
                0x0000000000000692       0x2d c:/st/stm32cubeide_1.8.0/stm32cubeide/plugins/com.st.stm32cube.ide.mcu.externaltools.gnu-tools-for-stm32.9-2020-q2-update.win32_2.0.0.202105311346/tools/bin/../lib/gcc/arm-none-eabi/9.3.1/../../../../arm-none-eabi/lib/thumb/v7-m/nofp\libc_nano.a(lib_a-nano-mallocr.o)
 .ARM.attributes
                0x00000000000006bf       0x2d c:/st/stm32cubeide_1.8.0/stm32cubeide/plugins/com.st.stm32cube.ide.mcu.externaltools.gnu-tools-for-stm32.9-2020-q2-update.win32_2.0.0.202105311346/tools/bin/../lib/gcc/arm-none-eabi/9.3.1/../../../../arm-none-eabi/lib/thumb/v7-m/nofp\libc_nano.a(lib_a-nano-reallocr.o)
 .ARM.attributes
                0x00000000000006ec       0x2d c:/st/stm32cubeide_1.8.0/stm32cubeide/plugins/com.st.stm32cube.ide.mcu.externaltools.gnu-tools-for-stm32.9-2020-q2-update.win32_2.0.0.202105311346/tools/bin/../lib/gcc/arm-none-eabi/9.3.1/../../../../arm-none-eabi/lib/thumb/v7-m/nofp\libc_nano.a(lib_a-sbrkr.o)
 .ARM.attributes
                0x0000000000000719       0x2d c:/st/stm32cubeide_1.8.0/stm32cubeide/plugins/com.st.stm32cube.ide.mcu.externaltools.gnu-tools-for-stm32.9-2020-q2-update.win32_2.0.0.202105311346/tools/bin/../lib/gcc/arm-none-eabi/9.3.1/../../../../arm-none-eabi/lib/thumb/v7-m/nofp\libc_nano.a(lib_a-mlock.o)
 .ARM.attributes
                0x0000000000000746       0x2d c:/st/stm32cubeide_1.8.0/stm32cubeide/plugins/com.st.stm32cube.ide.mcu.externaltools.gnu-tools-for-stm32.9-2020-q2-update.win32_2.0.0.202105311346/tools/bin/../lib/gcc/arm-none-eabi/9.3.1/../../../../arm-none-eabi/lib/thumb/v7-m/nofp\libc_nano.a(lib_a-nano-msizer.o)
 .ARM.attributes
                0x0000000000000773       0x2d c:/st/stm32cubeide_1.8.0/stm32cubeide/plugins/com.st.stm32cube.ide.mcu.externaltools.gnu-tools-for-stm32.9-2020-q2-update.win32_2.0.0.202105311346/tools/bin/../lib/gcc/arm-none-eabi/9.3.1/../../../../arm-none-eabi/lib/thumb/v7-m/nofp\libc_nano.a(lib_a-reent.o)
 .ARM.attributes
                0x00000000000007a0       0x2d c:/st/stm32cubeide_1.8.0/stm32cubeide/plugins/com.st.stm32cube.ide.mcu.externaltools.gnu-tools-for-stm32.9-2020-q2-update.win32_2.0.0.202105311346/tools/bin/../lib/gcc/arm-none-eabi/9.3.1/../../../../arm-none-eabi/lib/thumb/v7-m/nofp\libc_nano.a(lib_a-lock.o)
 .ARM.attributes
                0x00000000000007cd       0x1d c:/st/stm32cubeide_1.8.0/stm32cubeide/plugins/com.st.stm32cube.ide.mcu.externaltools.gnu-tools-for-stm32.9-2020-q2-update.win32_2.0.0.202105311346/tools/bin/../lib/gcc/arm-none-eabi/9.3.1/thumb/v7-m/nofp/crtn.o
OUTPUT(Pomodoro_Nucleo.elf elf32-littlearm)
LOAD linker stubs
LOAD c:/st/stm32cubeide_1.8.0/stm32cubeide/plugins/com.st.stm32cube.ide.mcu.externaltools.gnu-tools-for-stm32.9-2020-q2-update.win32_2.0.0.202105311346/tools/bin/../lib/gcc/arm-none-eabi/9.3.1/../../../../arm-none-eabi/lib/thumb/v7-m/nofp\libc.a
LOAD c:/st/stm32cubeide_1.8.0/stm32cubeide/plugins/com.st.stm32cube.ide.mcu.externaltools.gnu-tools-for-stm32.9-2020-q2-update.win32_2.0.0.202105311346/tools/bin/../lib/gcc/arm-none-eabi/9.3.1/../../../../arm-none-eabi/lib/thumb/v7-m/nofp\libm.a
LOAD c:/st/stm32cubeide_1.8.0/stm32cubeide/plugins/com.st.stm32cube.ide.mcu.externaltools.gnu-tools-for-stm32.9-2020-q2-update.win32_2.0.0.202105311346/tools/bin/../lib/gcc/arm-none-eabi/9.3.1/thumb/v7-m/nofp\libgcc.a

.debug_info     0x0000000000000000    0x16af6
 .debug_info    0x0000000000000000      0x337 ./Core/Src/Button.o
 .debug_info    0x0000000000000337      0x32b ./Core/Src/Buzzer.o
 .debug_info    0x0000000000000662      0x8c0 ./Core/Src/Encoder.o
 .debug_info    0x0000000000000f22     0x15d4 ./Core/Src/GFX_BW.o
 .debug_info    0x00000000000024f6      0xef1 ./Core/Src/Pomodoro_Display.o
 .debug_info    0x00000000000033e7     0x1381 ./Core/Src/Pomodoro_StateMachine.o
 .debug_info    0x0000000000004768     0x1066 ./Core/Src/SSD1306_OLED.o
 .debug_info    0x00000000000057ce      0x3ac ./Core/Src/gpio.o
 .debug_info    0x0000000000005b7a      0x95f ./Core/Src/i2c.o
 .debug_info    0x00000000000064d9     0x1b2f ./Core/Src/main.o
 .debug_info    0x0000000000008008      0x2fc ./Core/Src/stm32f1xx_hal_msp.o
 .debug_info    0x0000000000008304      0x801 ./Core/Src/stm32f1xx_it.o
 .debug_info    0x0000000000008b05      0xa25 ./Core/Src/sysmem.o
 .debug_info    0x000000000000952a      0x2be ./Core/Src/system_stm32f1xx.o
 .debug_info    0x00000000000097e8      0xced ./Core/Src/tim.o
 .debug_info    0x000000000000a4d5      0x87a ./Core/Src/usart.o
 .debug_info    0x000000000000ad4f       0x22 ./Core/Startup/startup_stm32f103rbtx.o
 .debug_info    0x000000000000ad71      0x76a ./Drivers/STM32F1xx_HAL_Driver/Src/stm32f1xx_hal.o
 .debug_info    0x000000000000b4db      0xbdc ./Drivers/STM32F1xx_HAL_Driver/Src/stm32f1xx_hal_cortex.o
 .debug_info    0x000000000000c0b7      0x701 ./Drivers/STM32F1xx_HAL_Driver/Src/stm32f1xx_hal_gpio.o
 .debug_info    0x000000000000c7b8     0x27cb ./Drivers/STM32F1xx_HAL_Driver/Src/stm32f1xx_hal_i2c.o
 .debug_info    0x000000000000ef83      0x893 ./Drivers/STM32F1xx_HAL_Driver/Src/stm32f1xx_hal_rcc.o
 .debug_info    0x000000000000f816     0x2c32 ./Drivers/STM32F1xx_HAL_Driver/Src/stm32f1xx_hal_tim.o
 .debug_info    0x0000000000012448     0x157f ./Drivers/STM32F1xx_HAL_Driver/Src/stm32f1xx_hal_tim_ex.o
 .debug_info    0x00000000000139c7     0x312f ./Drivers/STM32F1xx_HAL_Driver/Src/stm32f1xx_hal_uart.o

.debug_abbrev   0x0000000000000000     0x3104
 .debug_abbrev  0x0000000000000000      0x17d ./Core/Src/Button.o
 .debug_abbrev  0x000000000000017d      0x14e ./Core/Src/Buzzer.o
 .debug_abbrev  0x00000000000002cb      0x1e5 ./Core/Src/Encoder.o
 .debug_abbrev  0x00000000000004b0      0x2d6 ./Core/Src/GFX_BW.o
 .debug_abbrev  0x0000000000000786      0x26f ./Core/Src/Pomodoro_Display.o
 .debug_abbrev  0x00000000000009f5      0x219 ./Core/Src/Pomodoro_StateMachine.o
 .debug_abbrev  0x0000000000000c0e      0x267 ./Core/Src/SSD1306_OLED.o
 .debug_abbrev  0x0000000000000e75      0x14e ./Core/Src/gpio.o
 .debug_abbrev  0x0000000000000fc3      0x1bb ./Core/Src/i2c.o
 .debug_abbrev  0x000000000000117e      0x294 ./Core/Src/main.o
 .debug_abbrev  0x0000000000001412      0x11d ./Core/Src/stm32f1xx_hal_msp.o
 .debug_abbrev  0x000000000000152f      0x176 ./Core/Src/stm32f1xx_it.o
 .debug_abbrev  0x00000000000016a5      0x1bf ./Core/Src/sysmem.o
 .debug_abbrev  0x0000000000001864      0x14e ./Core/Src/system_stm32f1xx.o
 .debug_abbrev  0x00000000000019b2      0x1f3 ./Core/Src/tim.o
 .debug_abbrev  0x0000000000001ba5      0x1bb ./Core/Src/usart.o
 .debug_abbrev  0x0000000000001d60       0x12 ./Core/Startup/startup_stm32f103rbtx.o
 .debug_abbrev  0x0000000000001d72      0x1ed ./Drivers/STM32F1xx_HAL_Driver/Src/stm32f1xx_hal.o
 .debug_abbrev  0x0000000000001f5f      0x313 ./Drivers/STM32F1xx_HAL_Driver/Src/stm32f1xx_hal_cortex.o
 .debug_abbrev  0x0000000000002272      0x1e8 ./Drivers/STM32F1xx_HAL_Driver/Src/stm32f1xx_hal_gpio.o
 .debug_abbrev  0x000000000000245a      0x288 ./Drivers/STM32F1xx_HAL_Driver/Src/stm32f1xx_hal_i2c.o
 .debug_abbrev  0x00000000000026e2      0x273 ./Drivers/STM32F1xx_HAL_Driver/Src/stm32f1xx_hal_rcc.o
 .debug_abbrev  0x0000000000002955      0x25e ./Drivers/STM32F1xx_HAL_Driver/Src/stm32f1xx_hal_tim.o
 .debug_abbrev  0x0000000000002bb3      0x266 ./Drivers/STM32F1xx_HAL_Driver/Src/stm32f1xx_hal_tim_ex.o
 .debug_abbrev  0x0000000000002e19      0x2eb ./Drivers/STM32F1xx_HAL_Driver/Src/stm32f1xx_hal_uart.o

.debug_aranges  0x0000000000000000     0x1138
 .debug_aranges
                0x0000000000000000       0x30 ./Core/Src/Button.o
 .debug_aranges
                0x0000000000000030       0x28 ./Core/Src/Buzzer.o
 .debug_aranges
                0x0000000000000058       0x58 ./Core/Src/Encoder.o
 .debug_aranges
                0x00000000000000b0       0xc8 ./Core/Src/GFX_BW.o
 .debug_aranges
                0x0000000000000178       0x88 ./Core/Src/Pomodoro_Display.o
 .debug_aranges
                0x0000000000000200       0x28 ./Core/Src/Pomodoro_StateMachine.o
 .debug_aranges
                0x0000000000000228       0x48 ./Core/Src/SSD1306_OLED.o
 .debug_aranges
                0x0000000000000270       0x20 ./Core/Src/gpio.o
 .debug_aranges
                0x0000000000000290       0x30 ./Core/Src/i2c.o
 .debug_aranges
                0x00000000000002c0       0x40 ./Core/Src/main.o
 .debug_aranges
                0x0000000000000300       0x20 ./Core/Src/stm32f1xx_hal_msp.o
 .debug_aranges
                0x0000000000000320       0x78 ./Core/Src/stm32f1xx_it.o
 .debug_aranges
                0x0000000000000398       0x20 ./Core/Src/sysmem.o
 .debug_aranges
                0x00000000000003b8       0x28 ./Core/Src/system_stm32f1xx.o
 .debug_aranges
                0x00000000000003e0       0x50 ./Core/Src/tim.o
 .debug_aranges
                0x0000000000000430       0x30 ./Core/Src/usart.o
 .debug_aranges
                0x0000000000000460       0x28 ./Core/Startup/startup_stm32f103rbtx.o
 .debug_aranges
                0x0000000000000488       0xe0 ./Drivers/STM32F1xx_HAL_Driver/Src/stm32f1xx_hal.o
 .debug_aranges
                0x0000000000000568      0x100 ./Drivers/STM32F1xx_HAL_Driver/Src/stm32f1xx_hal_cortex.o
 .debug_aranges
                0x0000000000000668       0x58 ./Drivers/STM32F1xx_HAL_Driver/Src/stm32f1xx_hal_gpio.o
 .debug_aranges
                0x00000000000006c0      0x2a8 ./Drivers/STM32F1xx_HAL_Driver/Src/stm32f1xx_hal_i2c.o
 .debug_aranges
                0x0000000000000968       0x90 ./Drivers/STM32F1xx_HAL_Driver/Src/stm32f1xx_hal_rcc.o
 .debug_aranges
                0x00000000000009f8      0x3d0 ./Drivers/STM32F1xx_HAL_Driver/Src/stm32f1xx_hal_tim.o
 .debug_aranges
                0x0000000000000dc8      0x168 ./Drivers/STM32F1xx_HAL_Driver/Src/stm32f1xx_hal_tim_ex.o
 .debug_aranges
                0x0000000000000f30      0x208 ./Drivers/STM32F1xx_HAL_Driver/Src/stm32f1xx_hal_uart.o

.debug_ranges   0x0000000000000000      0xff8
 .debug_ranges  0x0000000000000000       0x20 ./Core/Src/Button.o
 .debug_ranges  0x0000000000000020       0x18 ./Core/Src/Buzzer.o
 .debug_ranges  0x0000000000000038       0x48 ./Core/Src/Encoder.o
 .debug_ranges  0x0000000000000080       0xb8 ./Core/Src/GFX_BW.o
 .debug_ranges  0x0000000000000138       0x78 ./Core/Src/Pomodoro_Display.o
 .debug_ranges  0x00000000000001b0       0x18 ./Core/Src/Pomodoro_StateMachine.o
 .debug_ranges  0x00000000000001c8       0x38 ./Core/Src/SSD1306_OLED.o
 .debug_ranges  0x0000000000000200       0x10 ./Core/Src/gpio.o
 .debug_ranges  0x0000000000000210       0x20 ./Core/Src/i2c.o
 .debug_ranges  0x0000000000000230       0x30 ./Core/Src/main.o
 .debug_ranges  0x0000000000000260       0x10 ./Core/Src/stm32f1xx_hal_msp.o
 .debug_ranges  0x0000000000000270       0x68 ./Core/Src/stm32f1xx_it.o
 .debug_ranges  0x00000000000002d8       0x10 ./Core/Src/sysmem.o
 .debug_ranges  0x00000000000002e8       0x18 ./Core/Src/system_stm32f1xx.o
 .debug_ranges  0x0000000000000300       0x40 ./Core/Src/tim.o
 .debug_ranges  0x0000000000000340       0x20 ./Core/Src/usart.o
 .debug_ranges  0x0000000000000360       0x20 ./Core/Startup/startup_stm32f103rbtx.o
 .debug_ranges  0x0000000000000380       0xd0 ./Drivers/STM32F1xx_HAL_Driver/Src/stm32f1xx_hal.o
 .debug_ranges  0x0000000000000450       0xf0 ./Drivers/STM32F1xx_HAL_Driver/Src/stm32f1xx_hal_cortex.o
 .debug_ranges  0x0000000000000540       0x48 ./Drivers/STM32F1xx_HAL_Driver/Src/stm32f1xx_hal_gpio.o
 .debug_ranges  0x0000000000000588      0x2b0 ./Drivers/STM32F1xx_HAL_Driver/Src/stm32f1xx_hal_i2c.o
 .debug_ranges  0x0000000000000838       0x80 ./Drivers/STM32F1xx_HAL_Driver/Src/stm32f1xx_hal_rcc.o
 .debug_ranges  0x00000000000008b8      0x3c0 ./Drivers/STM32F1xx_HAL_Driver/Src/stm32f1xx_hal_tim.o
 .debug_ranges  0x0000000000000c78      0x158 ./Drivers/STM32F1xx_HAL_Driver/Src/stm32f1xx_hal_tim_ex.o
 .debug_ranges  0x0000000000000dd0      0x228 ./Drivers/STM32F1xx_HAL_Driver/Src/stm32f1xx_hal_uart.o

.debug_macro    0x0000000000000000    0x19af6
 .debug_macro   0x0000000000000000      0x1ce ./Core/Src/Button.o
 .debug_macro   0x00000000000001ce      0xa9c ./Core/Src/Button.o
 .debug_macro   0x0000000000000c6a      0x221 ./Core/Src/Button.o
 .debug_macro   0x0000000000000e8b       0x2e ./Core/Src/Button.o
 .debug_macro   0x0000000000000eb9       0x22 ./Core/Src/Button.o
 .debug_macro   0x0000000000000edb       0x22 ./Core/Src/Button.o
 .debug_macro   0x0000000000000efd       0x8e ./Core/Src/Button.o
 .debug_macro   0x0000000000000f8b       0x51 ./Core/Src/Button.o
 .debug_macro   0x0000000000000fdc      0x103 ./Core/Src/Button.o
 .debug_macro   0x00000000000010df       0x6a ./Core/Src/Button.o
 .debug_macro   0x0000000000001149      0x1df ./Core/Src/Button.o
 .debug_macro   0x0000000000001328       0x1c ./Core/Src/Button.o
 .debug_macro   0x0000000000001344       0x22 ./Core/Src/Button.o
 .debug_macro   0x0000000000001366       0xc3 ./Core/Src/Button.o
 .debug_macro   0x0000000000001429      0xd23 ./Core/Src/Button.o
 .debug_macro   0x000000000000214c     0xe09e ./Core/Src/Button.o
 .debug_macro   0x00000000000101ea       0x6d ./Core/Src/Button.o
 .debug_macro   0x0000000000010257     0x34a2 ./Core/Src/Button.o
 .debug_macro   0x00000000000136f9      0x174 ./Core/Src/Button.o
 .debug_macro   0x000000000001386d       0x5c ./Core/Src/Button.o
 .debug_macro   0x00000000000138c9      0x5bc ./Core/Src/Button.o
 .debug_macro   0x0000000000013e85      0x289 ./Core/Src/Button.o
 .debug_macro   0x000000000001410e      0x1cb ./Core/Src/Button.o
 .debug_macro   0x00000000000142d9      0x114 ./Core/Src/Button.o
 .debug_macro   0x00000000000143ed      0x1b2 ./Core/Src/Button.o
 .debug_macro   0x000000000001459f       0x27 ./Core/Src/Button.o
 .debug_macro   0x00000000000145c6      0x136 ./Core/Src/Button.o
 .debug_macro   0x00000000000146fc      0x1bc ./Core/Src/Button.o
 .debug_macro   0x00000000000148b8       0x34 ./Core/Src/Button.o
 .debug_macro   0x00000000000148ec       0x3c ./Core/Src/Button.o
 .debug_macro   0x0000000000014928       0x57 ./Core/Src/Button.o
 .debug_macro   0x000000000001497f       0x87 ./Core/Src/Button.o
 .debug_macro   0x0000000000014a06      0x240 ./Core/Src/Button.o
 .debug_macro   0x0000000000014c46      0x287 ./Core/Src/Button.o
 .debug_macro   0x0000000000014ecd      0x140 ./Core/Src/Button.o
 .debug_macro   0x000000000001500d      0x8ed ./Core/Src/Button.o
 .debug_macro   0x00000000000158fa      0x28e ./Core/Src/Button.o
 .debug_macro   0x0000000000015b88       0x83 ./Core/Src/Button.o
 .debug_macro   0x0000000000015c0b       0x6a ./Core/Src/Button.o
 .debug_macro   0x0000000000015c75       0x22 ./Core/Src/Button.o
 .debug_macro   0x0000000000015c97       0x1c ./Core/Src/Button.o
 .debug_macro   0x0000000000015cb3      0x1c5 ./Core/Src/Buzzer.o
 .debug_macro   0x0000000000015e78       0x1c ./Core/Src/Buzzer.o
 .debug_macro   0x0000000000015e94      0x1d7 ./Core/Src/Encoder.o
 .debug_macro   0x000000000001606b       0x16 ./Core/Src/Encoder.o
 .debug_macro   0x0000000000016081       0x10 ./Core/Src/Encoder.o
 .debug_macro   0x0000000000016091      0x2a0 ./Core/Src/GFX_BW.o
 .debug_macro   0x0000000000016331      0x10c ./Core/Src/GFX_BW.o
 .debug_macro   0x000000000001643d       0x8e ./Core/Src/GFX_BW.o
 .debug_macro   0x00000000000164cb       0x18 ./Core/Src/GFX_BW.o
 .debug_macro   0x00000000000164e3       0x52 ./Core/Src/GFX_BW.o
 .debug_macro   0x0000000000016535       0x3c ./Core/Src/GFX_BW.o
 .debug_macro   0x0000000000016571       0x34 ./Core/Src/GFX_BW.o
 .debug_macro   0x00000000000165a5       0x16 ./Core/Src/GFX_BW.o
 .debug_macro   0x00000000000165bb       0x35 ./Core/Src/GFX_BW.o
 .debug_macro   0x00000000000165f0       0x16 ./Core/Src/GFX_BW.o
 .debug_macro   0x0000000000016606       0x43 ./Core/Src/GFX_BW.o
 .debug_macro   0x0000000000016649       0x34 ./Core/Src/GFX_BW.o
 .debug_macro   0x000000000001667d       0x10 ./Core/Src/GFX_BW.o
 .debug_macro   0x000000000001668d       0x58 ./Core/Src/GFX_BW.o
 .debug_macro   0x00000000000166e5       0x71 ./Core/Src/GFX_BW.o
 .debug_macro   0x0000000000016756       0x1c ./Core/Src/GFX_BW.o
 .debug_macro   0x0000000000016772      0x12a ./Core/Src/GFX_BW.o
 .debug_macro   0x000000000001689c      0x333 ./Core/Src/GFX_BW.o
 .debug_macro   0x0000000000016bcf       0x16 ./Core/Src/GFX_BW.o
 .debug_macro   0x0000000000016be5       0x29 ./Core/Src/GFX_BW.o
 .debug_macro   0x0000000000016c0e      0x379 ./Core/Src/Pomodoro_Display.o
 .debug_macro   0x0000000000016f87       0x10 ./Core/Src/Pomodoro_Display.o
 .debug_macro   0x0000000000016f97       0x20 ./Core/Src/Pomodoro_Display.o
 .debug_macro   0x0000000000016fb7       0x1c ./Core/Src/Pomodoro_Display.o
 .debug_macro   0x0000000000016fd3       0x10 ./Core/Src/Pomodoro_Display.o
 .debug_macro   0x0000000000016fe3       0x10 ./Core/Src/Pomodoro_Display.o
 .debug_macro   0x0000000000016ff3       0x1c ./Core/Src/Pomodoro_Display.o
 .debug_macro   0x000000000001700f       0x52 ./Core/Src/Pomodoro_Display.o
 .debug_macro   0x0000000000017061       0x22 ./Core/Src/Pomodoro_Display.o
 .debug_macro   0x0000000000017083       0x10 ./Core/Src/Pomodoro_Display.o
 .debug_macro   0x0000000000017093       0x40 ./Core/Src/Pomodoro_Display.o
 .debug_macro   0x00000000000170d3       0xd5 ./Core/Src/Pomodoro_Display.o
 .debug_macro   0x00000000000171a8       0x1c ./Core/Src/Pomodoro_Display.o
 .debug_macro   0x00000000000171c4       0x3d ./Core/Src/Pomodoro_Display.o
 .debug_macro   0x0000000000017201       0x16 ./Core/Src/Pomodoro_Display.o
 .debug_macro   0x0000000000017217      0x145 ./Core/Src/Pomodoro_Display.o
 .debug_macro   0x000000000001735c      0x364 ./Core/Src/Pomodoro_StateMachine.o
 .debug_macro   0x00000000000176c0       0x16 ./Core/Src/Pomodoro_StateMachine.o
 .debug_macro   0x00000000000176d6      0x293 ./Core/Src/SSD1306_OLED.o
 .debug_macro   0x0000000000017969      0x1c6 ./Core/Src/gpio.o
 .debug_macro   0x0000000000017b2f      0x1c6 ./Core/Src/i2c.o
 .debug_macro   0x0000000000017cf5      0x3a3 ./Core/Src/main.o
 .debug_macro   0x0000000000018098       0x10 ./Core/Src/main.o
 .debug_macro   0x00000000000180a8      0x1bc ./Core/Src/stm32f1xx_hal_msp.o
 .debug_macro   0x0000000000018264      0x1c6 ./Core/Src/stm32f1xx_it.o
 .debug_macro   0x000000000001842a       0xff ./Core/Src/sysmem.o
 .debug_macro   0x0000000000018529      0x23b ./Core/Src/sysmem.o
 .debug_macro   0x0000000000018764      0x1ad ./Core/Src/system_stm32f1xx.o
 .debug_macro   0x0000000000018911      0x1c6 ./Core/Src/tim.o
 .debug_macro   0x0000000000018ad7      0x1c6 ./Core/Src/usart.o
 .debug_macro   0x0000000000018c9d      0x1d1 ./Drivers/STM32F1xx_HAL_Driver/Src/stm32f1xx_hal.o
 .debug_macro   0x0000000000018e6e      0x1ad ./Drivers/STM32F1xx_HAL_Driver/Src/stm32f1xx_hal_cortex.o
 .debug_macro   0x000000000001901b      0x218 ./Drivers/STM32F1xx_HAL_Driver/Src/stm32f1xx_hal_gpio.o
 .debug_macro   0x0000000000019233      0x1fb ./Drivers/STM32F1xx_HAL_Driver/Src/stm32f1xx_hal_i2c.o
 .debug_macro   0x000000000001942e      0x1bf ./Drivers/STM32F1xx_HAL_Driver/Src/stm32f1xx_hal_rcc.o
 .debug_macro   0x00000000000195ed      0x1ae ./Drivers/STM32F1xx_HAL_Driver/Src/stm32f1xx_hal_tim.o
 .debug_macro   0x000000000001979b      0x1ad ./Drivers/STM32F1xx_HAL_Driver/Src/stm32f1xx_hal_tim_ex.o
 .debug_macro   0x0000000000019948      0x1ae ./Drivers/STM32F1xx_HAL_Driver/Src/stm32f1xx_hal_uart.o

.debug_line     0x0000000000000000    0x160d0
 .debug_line    0x0000000000000000      0x741 ./Core/Src/Button.o
 .debug_line    0x0000000000000741      0x70c ./Core/Src/Buzzer.o
 .debug_line    0x0000000000000e4d      0x7e7 ./Core/Src/Encoder.o
 .debug_line    0x0000000000001634      0xe6e ./Core/Src/GFX_BW.o
 .debug_line    0x00000000000024a2      0xb1d ./Core/Src/Pomodoro_Display.o
 .debug_line    0x0000000000002fbf      0xbd5 ./Core/Src/Pomodoro_StateMachine.o
 .debug_line    0x0000000000003b94      0x8e8 ./Core/Src/SSD1306_OLED.o
 .debug_line    0x000000000000447c      0x6b7 ./Core/Src/gpio.o
 .debug_line    0x0000000000004b33      0x6fa ./Core/Src/i2c.o
 .debug_line    0x000000000000522d      0xa14 ./Core/Src/main.o
 .debug_line    0x0000000000005c41      0x695 ./Core/Src/stm32f1xx_hal_msp.o
 .debug_line    0x00000000000062d6      0x79e ./Core/Src/stm32f1xx_it.o
 .debug_line    0x0000000000006a74      0x4f8 ./Core/Src/sysmem.o
 .debug_line    0x0000000000006f6c      0x712 ./Core/Src/system_stm32f1xx.o
 .debug_line    0x000000000000767e      0x811 ./Core/Src/tim.o
 .debug_line    0x0000000000007e8f      0x6f9 ./Core/Src/usart.o
 .debug_line    0x0000000000008588       0x86 ./Core/Startup/startup_stm32f103rbtx.o
 .debug_line    0x000000000000860e      0x93f ./Drivers/STM32F1xx_HAL_Driver/Src/stm32f1xx_hal.o
 .debug_line    0x0000000000008f4d      0xb27 ./Drivers/STM32F1xx_HAL_Driver/Src/stm32f1xx_hal_cortex.o
 .debug_line    0x0000000000009a74      0x9d8 ./Drivers/STM32F1xx_HAL_Driver/Src/stm32f1xx_hal_gpio.o
 .debug_line    0x000000000000a44c     0x3ad5 ./Drivers/STM32F1xx_HAL_Driver/Src/stm32f1xx_hal_i2c.o
 .debug_line    0x000000000000df21      0xd4b ./Drivers/STM32F1xx_HAL_Driver/Src/stm32f1xx_hal_rcc.o
 .debug_line    0x000000000000ec6c     0x33d9 ./Drivers/STM32F1xx_HAL_Driver/Src/stm32f1xx_hal_tim.o
 .debug_line    0x0000000000012045     0x1885 ./Drivers/STM32F1xx_HAL_Driver/Src/stm32f1xx_hal_tim_ex.o
 .debug_line    0x00000000000138ca     0x2806 ./Drivers/STM32F1xx_HAL_Driver/Src/stm32f1xx_hal_uart.o

.debug_str      0x0000000000000000    0x8e704
 .debug_str     0x0000000000000000    0x84f63 ./Core/Src/Button.o
                                      0x852c9 (size before relaxing)
 .debug_str     0x0000000000084f63       0xd0 ./Core/Src/Buzzer.o
                                      0x85266 (size before relaxing)
 .debug_str     0x0000000000085033      0x58a ./Core/Src/Encoder.o
                                      0x85819 (size before relaxing)
 .debug_str     0x00000000000855bd     0x3ad7 ./Core/Src/GFX_BW.o
                                      0x88ce9 (size before relaxing)
 .debug_str     0x0000000000089094     0x13bc ./Core/Src/Pomodoro_Display.o
                                      0x89e04 (size before relaxing)
 .debug_str     0x000000000008a450       0xab ./Core/Src/Pomodoro_StateMachine.o
                                      0x8a1b0 (size before relaxing)
 .debug_str     0x000000000008a4fb      0x2b1 ./Core/Src/SSD1306_OLED.o
                                      0x88d18 (size before relaxing)
 .debug_str     0x000000000008a7ac       0x98 ./Core/Src/gpio.o
                                      0x8522d (size before relaxing)
 .debug_str     0x000000000008a844       0xb0 ./Core/Src/i2c.o
                                      0x856e6 (size before relaxing)
 .debug_str     0x000000000008a8f4      0x626 ./Core/Src/main.o
                                      0x8aa8f (size before relaxing)
 .debug_str     0x000000000008af1a       0x2c ./Core/Src/stm32f1xx_hal_msp.o
                                      0x851e3 (size before relaxing)
 .debug_str     0x000000000008af46       0xf2 ./Core/Src/stm32f1xx_it.o
                                      0x85709 (size before relaxing)
 .debug_str     0x000000000008b038      0x4e9 ./Core/Src/sysmem.o
                                       0x626c (size before relaxing)
 .debug_str     0x000000000008b521       0x52 ./Core/Src/system_stm32f1xx.o
                                      0x8504a (size before relaxing)
 .debug_str     0x000000000008b573      0x1e1 ./Core/Src/tim.o
                                      0x85b99 (size before relaxing)
 .debug_str     0x000000000008b754       0x57 ./Core/Src/usart.o
                                      0x85645 (size before relaxing)
 .debug_str     0x000000000008b7ab       0x36 ./Core/Startup/startup_stm32f103rbtx.o
                                         0x80 (size before relaxing)
 .debug_str     0x000000000008b7e1      0x304 ./Drivers/STM32F1xx_HAL_Driver/Src/stm32f1xx_hal.o
                                      0x856db (size before relaxing)
 .debug_str     0x000000000008bae5      0x300 ./Drivers/STM32F1xx_HAL_Driver/Src/stm32f1xx_hal_cortex.o
                                      0x856e3 (size before relaxing)
 .debug_str     0x000000000008bde5      0x324 ./Drivers/STM32F1xx_HAL_Driver/Src/stm32f1xx_hal_gpio.o
                                      0x8540e (size before relaxing)
 .debug_str     0x000000000008c109      0xb9a ./Drivers/STM32F1xx_HAL_Driver/Src/stm32f1xx_hal_i2c.o
                                      0x860d9 (size before relaxing)
 .debug_str     0x000000000008cca3      0x244 ./Drivers/STM32F1xx_HAL_Driver/Src/stm32f1xx_hal_rcc.o
                                      0x85447 (size before relaxing)
 .debug_str     0x000000000008cee7      0xd1a ./Drivers/STM32F1xx_HAL_Driver/Src/stm32f1xx_hal_tim.o
                                      0x86430 (size before relaxing)
 .debug_str     0x000000000008dc01      0x4ee ./Drivers/STM32F1xx_HAL_Driver/Src/stm32f1xx_hal_tim_ex.o
                                      0x85bd1 (size before relaxing)
 .debug_str     0x000000000008e0ef      0x615 ./Drivers/STM32F1xx_HAL_Driver/Src/stm32f1xx_hal_uart.o
                                      0x85a9f (size before relaxing)

.comment        0x0000000000000000       0x53
 .comment       0x0000000000000000       0x53 ./Core/Src/Button.o
                                         0x54 (size before relaxing)
 .comment       0x0000000000000053       0x54 ./Core/Src/Buzzer.o
 .comment       0x0000000000000053       0x54 ./Core/Src/Encoder.o
 .comment       0x0000000000000053       0x54 ./Core/Src/GFX_BW.o
 .comment       0x0000000000000053       0x54 ./Core/Src/Pomodoro_Display.o
 .comment       0x0000000000000053       0x54 ./Core/Src/Pomodoro_StateMachine.o
 .comment       0x0000000000000053       0x54 ./Core/Src/SSD1306_OLED.o
 .comment       0x0000000000000053       0x54 ./Core/Src/gpio.o
 .comment       0x0000000000000053       0x54 ./Core/Src/i2c.o
 .comment       0x0000000000000053       0x54 ./Core/Src/main.o
 .comment       0x0000000000000053       0x54 ./Core/Src/stm32f1xx_hal_msp.o
 .comment       0x0000000000000053       0x54 ./Core/Src/stm32f1xx_it.o
 .comment       0x0000000000000053       0x54 ./Core/Src/sysmem.o
 .comment       0x0000000000000053       0x54 ./Core/Src/system_stm32f1xx.o
 .comment       0x0000000000000053       0x54 ./Core/Src/tim.o
 .comment       0x0000000000000053       0x54 ./Core/Src/usart.o
 .comment       0x0000000000000053       0x54 ./Drivers/STM32F1xx_HAL_Driver/Src/stm32f1xx_hal.o
 .comment       0x0000000000000053       0x54 ./Drivers/STM32F1xx_HAL_Driver/Src/stm32f1xx_hal_cortex.o
 .comment       0x0000000000000053       0x54 ./Drivers/STM32F1xx_HAL_Driver/Src/stm32f1xx_hal_gpio.o
 .comment       0x0000000000000053       0x54 ./Drivers/STM32F1xx_HAL_Driver/Src/stm32f1xx_hal_i2c.o
 .comment       0x0000000000000053       0x54 ./Drivers/STM32F1xx_HAL_Driver/Src/stm32f1xx_hal_rcc.o
 .comment       0x0000000000000053       0x54 ./Drivers/STM32F1xx_HAL_Driver/Src/stm32f1xx_hal_tim.o
 .comment       0x0000000000000053       0x54 ./Drivers/STM32F1xx_HAL_Driver/Src/stm32f1xx_hal_tim_ex.o
 .comment       0x0000000000000053       0x54 ./Drivers/STM32F1xx_HAL_Driver/Src/stm32f1xx_hal_uart.o

.debug_frame    0x0000000000000000     0x4a5c
 .debug_frame   0x0000000000000000       0x7c ./Core/Src/Button.o
 .debug_frame   0x000000000000007c       0x58 ./Core/Src/Buzzer.o
 .debug_frame   0x00000000000000d4      0x134 ./Core/Src/Encoder.o
 .debug_frame   0x0000000000000208      0x33c ./Core/Src/GFX_BW.o
 .debug_frame   0x0000000000000544      0x200 ./Core/Src/Pomodoro_Display.o
 .debug_frame   0x0000000000000744       0x60 ./Core/Src/Pomodoro_StateMachine.o
 .debug_frame   0x00000000000007a4       0xe4 ./Core/Src/SSD1306_OLED.o
 .debug_frame   0x0000000000000888       0x34 ./Core/Src/gpio.o
 .debug_frame   0x00000000000008bc       0x74 ./Core/Src/i2c.o
 .debug_frame   0x0000000000000930       0xa8 ./Core/Src/main.o
 .debug_frame   0x00000000000009d8       0x38 ./Core/Src/stm32f1xx_hal_msp.o
 .debug_frame   0x0000000000000a10      0x158 ./Core/Src/stm32f1xx_it.o
 .debug_frame   0x0000000000000b68       0x34 ./Core/Src/sysmem.o
 .debug_frame   0x0000000000000b9c       0x58 ./Core/Src/system_stm32f1xx.o
 .debug_frame   0x0000000000000bf4      0x110 ./Core/Src/tim.o
 .debug_frame   0x0000000000000d04       0x74 ./Core/Src/usart.o
 .debug_frame   0x0000000000000d78      0x334 ./Drivers/STM32F1xx_HAL_Driver/Src/stm32f1xx_hal.o
 .debug_frame   0x00000000000010ac      0x428 ./Drivers/STM32F1xx_HAL_Driver/Src/stm32f1xx_hal_cortex.o
 .debug_frame   0x00000000000014d4      0x14c ./Drivers/STM32F1xx_HAL_Driver/Src/stm32f1xx_hal_gpio.o
 .debug_frame   0x0000000000001620      0xc84 ./Drivers/STM32F1xx_HAL_Driver/Src/stm32f1xx_hal_i2c.o
 .debug_frame   0x00000000000022a4      0x218 ./Drivers/STM32F1xx_HAL_Driver/Src/stm32f1xx_hal_rcc.o
 .debug_frame   0x00000000000024bc     0x11b8 ./Drivers/STM32F1xx_HAL_Driver/Src/stm32f1xx_hal_tim.o
 .debug_frame   0x0000000000003674      0x638 ./Drivers/STM32F1xx_HAL_Driver/Src/stm32f1xx_hal_tim_ex.o
 .debug_frame   0x0000000000003cac      0x944 ./Drivers/STM32F1xx_HAL_Driver/Src/stm32f1xx_hal_uart.o
 .debug_frame   0x00000000000045f0       0x20 c:/st/stm32cubeide_1.8.0/stm32cubeide/plugins/com.st.stm32cube.ide.mcu.externaltools.gnu-tools-for-stm32.9-2020-q2-update.win32_2.0.0.202105311346/tools/bin/../lib/gcc/arm-none-eabi/9.3.1/../../../../arm-none-eabi/lib/thumb/v7-m/nofp\libc_nano.a(lib_a-errno.o)
 .debug_frame   0x0000000000004610       0x2c c:/st/stm32cubeide_1.8.0/stm32cubeide/plugins/com.st.stm32cube.ide.mcu.externaltools.gnu-tools-for-stm32.9-2020-q2-update.win32_2.0.0.202105311346/tools/bin/../lib/gcc/arm-none-eabi/9.3.1/../../../../arm-none-eabi/lib/thumb/v7-m/nofp\libc_nano.a(lib_a-init.o)
 .debug_frame   0x000000000000463c       0x20 c:/st/stm32cubeide_1.8.0/stm32cubeide/plugins/com.st.stm32cube.ide.mcu.externaltools.gnu-tools-for-stm32.9-2020-q2-update.win32_2.0.0.202105311346/tools/bin/../lib/gcc/arm-none-eabi/9.3.1/../../../../arm-none-eabi/lib/thumb/v7-m/nofp\libc_nano.a(lib_a-memset.o)
 .debug_frame   0x000000000000465c       0x6c c:/st/stm32cubeide_1.8.0/stm32cubeide/plugins/com.st.stm32cube.ide.mcu.externaltools.gnu-tools-for-stm32.9-2020-q2-update.win32_2.0.0.202105311346/tools/bin/../lib/gcc/arm-none-eabi/9.3.1/../../../../arm-none-eabi/lib/thumb/v7-m/nofp\libc_nano.a(lib_a-sprintf.o)
 .debug_frame   0x00000000000046c8       0x90 c:/st/stm32cubeide_1.8.0/stm32cubeide/plugins/com.st.stm32cube.ide.mcu.externaltools.gnu-tools-for-stm32.9-2020-q2-update.win32_2.0.0.202105311346/tools/bin/../lib/gcc/arm-none-eabi/9.3.1/../../../../arm-none-eabi/lib/thumb/v7-m/nofp\libc_nano.a(lib_a-nano-svfprintf.o)
 .debug_frame   0x0000000000004758       0x60 c:/st/stm32cubeide_1.8.0/stm32cubeide/plugins/com.st.stm32cube.ide.mcu.externaltools.gnu-tools-for-stm32.9-2020-q2-update.win32_2.0.0.202105311346/tools/bin/../lib/gcc/arm-none-eabi/9.3.1/../../../../arm-none-eabi/lib/thumb/v7-m/nofp\libc_nano.a(lib_a-nano-vfprintf_i.o)
 .debug_frame   0x00000000000047b8       0x28 c:/st/stm32cubeide_1.8.0/stm32cubeide/plugins/com.st.stm32cube.ide.mcu.externaltools.gnu-tools-for-stm32.9-2020-q2-update.win32_2.0.0.202105311346/tools/bin/../lib/gcc/arm-none-eabi/9.3.1/../../../../arm-none-eabi/lib/thumb/v7-m/nofp\libc_nano.a(lib_a-memchr-stub.o)
 .debug_frame   0x00000000000047e0       0x28 c:/st/stm32cubeide_1.8.0/stm32cubeide/plugins/com.st.stm32cube.ide.mcu.externaltools.gnu-tools-for-stm32.9-2020-q2-update.win32_2.0.0.202105311346/tools/bin/../lib/gcc/arm-none-eabi/9.3.1/../../../../arm-none-eabi/lib/thumb/v7-m/nofp\libc_nano.a(lib_a-memcpy-stub.o)
 .debug_frame   0x0000000000004808       0x28 c:/st/stm32cubeide_1.8.0/stm32cubeide/plugins/com.st.stm32cube.ide.mcu.externaltools.gnu-tools-for-stm32.9-2020-q2-update.win32_2.0.0.202105311346/tools/bin/../lib/gcc/arm-none-eabi/9.3.1/../../../../arm-none-eabi/lib/thumb/v7-m/nofp\libc_nano.a(lib_a-memmove.o)
 .debug_frame   0x0000000000004830       0x38 c:/st/stm32cubeide_1.8.0/stm32cubeide/plugins/com.st.stm32cube.ide.mcu.externaltools.gnu-tools-for-stm32.9-2020-q2-update.win32_2.0.0.202105311346/tools/bin/../lib/gcc/arm-none-eabi/9.3.1/../../../../arm-none-eabi/lib/thumb/v7-m/nofp\libc_nano.a(lib_a-nano-freer.o)